[0.013s] Invoking command in '/home/elijah/go2-convex-mpc/ros2_ws/build/unitree_hg': CMAKE_PREFIX_PATH=/opt/ros/humble /usr/bin/cmake /home/elijah/go2-convex-mpc/ros2_ws/src/unitree_ros2/cyclonedds_ws/src/unitree/unitree_hg -DAMENT_CMAKE_SYMLINK_INSTALL=1 -DCMAKE_INSTALL_PREFIX=/home/elijah/go2-convex-mpc/ros2_ws/install/unitree_hg
[0.025s] -- Found ament_cmake: 1.3.12 (/opt/ros/humble/share/ament_cmake/cmake)
[0.140s] -- Found Python3: /usr/bin/python3 (found version "3.10.12") found components: Interpreter 
[0.190s] -- Override CMake install command with custom implementation using symlinks instead of copying resources
[0.218s] -- Found geometry_msgs: 4.9.0 (/opt/ros/humble/share/geometry_msgs/cmake)
[0.252s] -- Found rosidl_generator_c: 3.1.7 (/opt/ros/humble/share/rosidl_generator_c/cmake)
[0.257s] -- Found rosidl_adapter: 3.1.7 (/opt/ros/humble/share/rosidl_adapter/cmake)
[0.265s] -- Found rosidl_generator_cpp: 3.1.7 (/opt/ros/humble/share/rosidl_generator_cpp/cmake)
[0.276s] -- Using all available rosidl_typesupport_c: rosidl_typesupport_fastrtps_c;rosidl_typesupport_introspection_c
[0.291s] -- Using all available rosidl_typesupport_cpp: rosidl_typesupport_fastrtps_cpp;rosidl_typesupport_introspection_cpp
[0.327s] -- Found rosidl_default_generators: 1.2.0 (/opt/ros/humble/share/rosidl_default_generators/cmake)
[0.334s] -- Found rosidl_generator_dds_idl: 0.8.1 (/opt/ros/humble/share/rosidl_generator_dds_idl/cmake)
[0.594s] -- Found ament_cmake_ros: 0.10.0 (/opt/ros/humble/share/ament_cmake_ros/cmake)
[0.933s] -- Using all available rosidl_typesupport_c: rosidl_typesupport_fastrtps_c;rosidl_typesupport_introspection_c
[1.078s] -- Using all available rosidl_typesupport_cpp: rosidl_typesupport_fastrtps_cpp;rosidl_typesupport_introspection_cpp
[1.095s] -- Found PythonInterp: /usr/bin/python3 (found suitable version "3.10.12", minimum required is "3.6") 
[1.096s] -- Found python_cmake_module: 0.10.0 (/opt/ros/humble/share/python_cmake_module/cmake)
[1.118s] -- Found PythonLibs: /usr/lib/x86_64-linux-gnu/libpython3.10.so (found suitable version "3.10.12", minimum required is "3.5") 
[1.118s] -- Using PYTHON_EXECUTABLE: /usr/bin/python3
[1.118s] -- Using PYTHON_INCLUDE_DIRS: /usr/include/python3.10
[1.118s] -- Using PYTHON_LIBRARIES: /usr/lib/x86_64-linux-gnu/libpython3.10.so
[1.135s] -- Found PythonExtra: .so  
[1.198s] -- Found ament_lint_auto: 0.12.14 (/opt/ros/humble/share/ament_lint_auto/cmake)
[1.218s] -- Added test 'copyright' to check source files copyright and LICENSE
[1.220s] -- Added test 'lint_cmake' to check CMake code style
[1.221s] -- Added test 'xmllint' to check XML markup files
[1.225s] -- Configuring done
[1.268s] -- Generating done
[1.279s] -- Build files have been written to: /home/elijah/go2-convex-mpc/ros2_ws/build/unitree_hg
[1.291s] Invoked command in '/home/elijah/go2-convex-mpc/ros2_ws/build/unitree_hg' returned '0': CMAKE_PREFIX_PATH=/opt/ros/humble /usr/bin/cmake /home/elijah/go2-convex-mpc/ros2_ws/src/unitree_ros2/cyclonedds_ws/src/unitree/unitree_hg -DAMENT_CMAKE_SYMLINK_INSTALL=1 -DCMAKE_INSTALL_PREFIX=/home/elijah/go2-convex-mpc/ros2_ws/install/unitree_hg
[1.293s] Invoking command in '/home/elijah/go2-convex-mpc/ros2_ws/build/unitree_hg': CMAKE_PREFIX_PATH=/opt/ros/humble /usr/bin/cmake --build /home/elijah/go2-convex-mpc/ros2_ws/build/unitree_hg -- -j16 -l16
[1.347s] [  1%] [34m[1mGenerating C code for ROS interfaces[0m
[1.362s] [  2%] [34m[1mGenerating DDS interfaces[0m
[1.363s] [  2%] [34m[1mGenerating C++ code for ROS interfaces[0m
[1.372s] [  2%] Built target ament_cmake_python_symlink_unitree_hg
[1.758s] running egg_info
[1.759s] creating unitree_hg.egg-info
[1.764s] writing unitree_hg.egg-info/PKG-INFO
[1.764s] writing dependency_links to unitree_hg.egg-info/dependency_links.txt
[1.764s] writing top-level names to unitree_hg.egg-info/top_level.txt
[1.768s] writing manifest file 'unitree_hg.egg-info/SOURCES.txt'
[1.776s] reading manifest file 'unitree_hg.egg-info/SOURCES.txt'
[1.776s] writing manifest file 'unitree_hg.egg-info/SOURCES.txt'
[1.889s] [  2%] Built target ament_cmake_python_build_unitree_hg_egg
[2.293s] [  2%] Built target unitree_hg__dds_connext_idl
[2.797s] [  3%] [32mBuilding C object CMakeFiles/unitree_hg__rosidl_generator_c.dir/rosidl_generator_c/unitree_hg/msg/detail/bms_cmd__functions.c.o[0m
[2.799s] [  4%] [32mBuilding C object CMakeFiles/unitree_hg__rosidl_generator_c.dir/rosidl_generator_c/unitree_hg/msg/detail/hand_cmd__functions.c.o[0m
[2.801s] [  5%] [32mBuilding C object CMakeFiles/unitree_hg__rosidl_generator_c.dir/rosidl_generator_c/unitree_hg/msg/detail/bms_state__functions.c.o[0m
[2.812s] [  6%] [32mBuilding C object CMakeFiles/unitree_hg__rosidl_generator_c.dir/rosidl_generator_c/unitree_hg/msg/detail/imu_state__functions.c.o[0m
[2.813s] [  7%] [32mBuilding C object CMakeFiles/unitree_hg__rosidl_generator_c.dir/rosidl_generator_c/unitree_hg/msg/detail/hand_state__functions.c.o[0m
[2.831s] [  7%] [32mBuilding C object CMakeFiles/unitree_hg__rosidl_generator_c.dir/rosidl_generator_c/unitree_hg/msg/detail/low_cmd__functions.c.o[0m
[2.837s] [  8%] [32mBuilding C object CMakeFiles/unitree_hg__rosidl_generator_c.dir/rosidl_generator_c/unitree_hg/msg/detail/low_state__functions.c.o[0m
[2.852s] [  9%] [32mBuilding C object CMakeFiles/unitree_hg__rosidl_generator_c.dir/rosidl_generator_c/unitree_hg/msg/detail/main_board_state__functions.c.o[0m
[2.864s] [ 10%] [32mBuilding C object CMakeFiles/unitree_hg__rosidl_generator_c.dir/rosidl_generator_c/unitree_hg/msg/detail/motor_cmd__functions.c.o[0m
[2.864s] [ 11%] [32mBuilding C object CMakeFiles/unitree_hg__rosidl_generator_c.dir/rosidl_generator_c/unitree_hg/msg/detail/press_sensor_state__functions.c.o[0m
[2.864s] [ 12%] [32mBuilding C object CMakeFiles/unitree_hg__rosidl_generator_c.dir/rosidl_generator_c/unitree_hg/msg/detail/motor_state__functions.c.o[0m
[2.865s] [ 12%] Built target unitree_hg__cpp
[2.945s] [ 13%] [34m[1mGenerating C++ type support for eProsima Fast-RTPS[0m
[2.953s] [ 14%] [34m[1mGenerating C++ type support dispatch for ROS interfaces[0m
[2.955s] [ 15%] [34m[1mGenerating C++ introspection for ROS interfaces[0m
[3.124s] [ 16%] [32m[1mLinking C shared library libunitree_hg__rosidl_generator_c.so[0m
[3.295s] [ 16%] Built target unitree_hg__rosidl_generator_c
[3.352s] [ 16%] [34m[1mGenerating C type support for eProsima Fast-RTPS[0m
[3.368s] [ 16%] [34m[1mGenerating C type support dispatch for ROS interfaces[0m
[3.369s] [ 16%] [34m[1mGenerating C introspection for ROS interfaces[0m
[5.275s] [ 17%] [32mBuilding CXX object CMakeFiles/unitree_hg__rosidl_typesupport_introspection_cpp.dir/rosidl_typesupport_introspection_cpp/unitree_hg/msg/detail/low_cmd__type_support.cpp.o[0m
[5.275s] [ 18%] [32mBuilding CXX object CMakeFiles/unitree_hg__rosidl_typesupport_introspection_cpp.dir/rosidl_typesupport_introspection_cpp/unitree_hg/msg/detail/bms_cmd__type_support.cpp.o[0m
[5.279s] [ 18%] [32mBuilding CXX object CMakeFiles/unitree_hg__rosidl_typesupport_introspection_cpp.dir/rosidl_typesupport_introspection_cpp/unitree_hg/msg/detail/hand_cmd__type_support.cpp.o[0m
[5.279s] [ 19%] [32mBuilding CXX object CMakeFiles/unitree_hg__rosidl_typesupport_introspection_cpp.dir/rosidl_typesupport_introspection_cpp/unitree_hg/msg/detail/bms_state__type_support.cpp.o[0m
[5.290s] [ 20%] [32mBuilding CXX object CMakeFiles/unitree_hg__rosidl_typesupport_introspection_cpp.dir/rosidl_typesupport_introspection_cpp/unitree_hg/msg/detail/hand_state__type_support.cpp.o[0m
[5.309s] [ 21%] [32mBuilding CXX object CMakeFiles/unitree_hg__rosidl_typesupport_introspection_cpp.dir/rosidl_typesupport_introspection_cpp/unitree_hg/msg/detail/imu_state__type_support.cpp.o[0m
[5.332s] [ 22%] [32mBuilding CXX object CMakeFiles/unitree_hg__rosidl_typesupport_introspection_cpp.dir/rosidl_typesupport_introspection_cpp/unitree_hg/msg/detail/low_state__type_support.cpp.o[0m
[5.338s] [ 23%] [32mBuilding CXX object CMakeFiles/unitree_hg__rosidl_typesupport_introspection_cpp.dir/rosidl_typesupport_introspection_cpp/unitree_hg/msg/detail/main_board_state__type_support.cpp.o[0m
[5.379s] [ 24%] [32mBuilding CXX object CMakeFiles/unitree_hg__rosidl_typesupport_introspection_cpp.dir/rosidl_typesupport_introspection_cpp/unitree_hg/msg/detail/motor_cmd__type_support.cpp.o[0m
[5.380s] [ 25%] [32mBuilding CXX object CMakeFiles/unitree_hg__rosidl_typesupport_introspection_cpp.dir/rosidl_typesupport_introspection_cpp/unitree_hg/msg/detail/motor_state__type_support.cpp.o[0m
[5.398s] [ 26%] [32mBuilding CXX object CMakeFiles/unitree_hg__rosidl_typesupport_introspection_cpp.dir/rosidl_typesupport_introspection_cpp/unitree_hg/msg/detail/press_sensor_state__type_support.cpp.o[0m
[5.454s] [ 27%] [32mBuilding CXX object CMakeFiles/unitree_hg__rosidl_typesupport_cpp.dir/rosidl_typesupport_cpp/unitree_hg/msg/bms_cmd__type_support.cpp.o[0m
[6.438s] [ 28%] [32mBuilding CXX object CMakeFiles/unitree_hg__rosidl_typesupport_c.dir/rosidl_typesupport_c/unitree_hg/msg/bms_cmd__type_support.cpp.o[0m
[6.440s] [ 29%] [32mBuilding CXX object CMakeFiles/unitree_hg__rosidl_typesupport_cpp.dir/rosidl_typesupport_cpp/unitree_hg/msg/bms_state__type_support.cpp.o[0m
[6.613s] [ 30%] [32mBuilding CXX object CMakeFiles/unitree_hg__rosidl_typesupport_c.dir/rosidl_typesupport_c/unitree_hg/msg/bms_state__type_support.cpp.o[0m
[6.770s] [ 31%] [32mBuilding CXX object CMakeFiles/unitree_hg__rosidl_typesupport_c.dir/rosidl_typesupport_c/unitree_hg/msg/hand_cmd__type_support.cpp.o[0m
[6.907s] [ 32%] [32mBuilding CXX object CMakeFiles/unitree_hg__rosidl_typesupport_c.dir/rosidl_typesupport_c/unitree_hg/msg/hand_state__type_support.cpp.o[0m
[7.025s] [ 33%] [32mBuilding CXX object CMakeFiles/unitree_hg__rosidl_typesupport_c.dir/rosidl_typesupport_c/unitree_hg/msg/imu_state__type_support.cpp.o[0m
[7.059s] [ 33%] [32mBuilding CXX object CMakeFiles/unitree_hg__rosidl_typesupport_cpp.dir/rosidl_typesupport_cpp/unitree_hg/msg/hand_cmd__type_support.cpp.o[0m
[7.151s] [ 34%] [32mBuilding CXX object CMakeFiles/unitree_hg__rosidl_typesupport_c.dir/rosidl_typesupport_c/unitree_hg/msg/low_cmd__type_support.cpp.o[0m
[7.204s] [ 35%] [32mBuilding C object CMakeFiles/unitree_hg__rosidl_typesupport_introspection_c.dir/rosidl_typesupport_introspection_c/unitree_hg/msg/detail/bms_cmd__type_support.c.o[0m
[7.304s] [ 36%] [32mBuilding CXX object CMakeFiles/unitree_hg__rosidl_typesupport_c.dir/rosidl_typesupport_c/unitree_hg/msg/low_state__type_support.cpp.o[0m
[7.315s] [ 37%] [32mBuilding C object CMakeFiles/unitree_hg__rosidl_typesupport_introspection_c.dir/rosidl_typesupport_introspection_c/unitree_hg/msg/detail/bms_state__type_support.c.o[0m
[7.340s] [ 38%] [32mBuilding C object CMakeFiles/unitree_hg__rosidl_typesupport_introspection_c.dir/rosidl_typesupport_introspection_c/unitree_hg/msg/detail/hand_cmd__type_support.c.o[0m
[7.359s] [ 39%] [32mBuilding CXX object CMakeFiles/unitree_hg__rosidl_typesupport_c.dir/rosidl_typesupport_c/unitree_hg/msg/main_board_state__type_support.cpp.o[0m
[7.404s] [ 39%] [32mBuilding CXX object CMakeFiles/unitree_hg__rosidl_typesupport_c.dir/rosidl_typesupport_c/unitree_hg/msg/motor_cmd__type_support.cpp.o[0m
[7.496s] [ 40%] [32mBuilding CXX object CMakeFiles/unitree_hg__rosidl_typesupport_c.dir/rosidl_typesupport_c/unitree_hg/msg/motor_state__type_support.cpp.o[0m
[7.509s] [ 41%] [32mBuilding C object CMakeFiles/unitree_hg__rosidl_typesupport_introspection_c.dir/rosidl_typesupport_introspection_c/unitree_hg/msg/detail/hand_state__type_support.c.o[0m
[7.541s] [ 42%] [32mBuilding CXX object CMakeFiles/unitree_hg__rosidl_typesupport_cpp.dir/rosidl_typesupport_cpp/unitree_hg/msg/imu_state__type_support.cpp.o[0m
[7.542s] [ 43%] [32mBuilding CXX object CMakeFiles/unitree_hg__rosidl_typesupport_cpp.dir/rosidl_typesupport_cpp/unitree_hg/msg/hand_state__type_support.cpp.o[0m
[7.597s] [ 44%] [32mBuilding C object CMakeFiles/unitree_hg__rosidl_typesupport_introspection_c.dir/rosidl_typesupport_introspection_c/unitree_hg/msg/detail/imu_state__type_support.c.o[0m
[7.672s] [ 45%] [32mBuilding CXX object CMakeFiles/unitree_hg__rosidl_typesupport_cpp.dir/rosidl_typesupport_cpp/unitree_hg/msg/low_cmd__type_support.cpp.o[0m
[7.679s] [ 46%] [32mBuilding CXX object CMakeFiles/unitree_hg__rosidl_typesupport_c.dir/rosidl_typesupport_c/unitree_hg/msg/press_sensor_state__type_support.cpp.o[0m
[7.705s] [ 47%] [32mBuilding CXX object CMakeFiles/unitree_hg__rosidl_typesupport_cpp.dir/rosidl_typesupport_cpp/unitree_hg/msg/low_state__type_support.cpp.o[0m
[7.708s] [ 48%] [32mBuilding C object CMakeFiles/unitree_hg__rosidl_typesupport_introspection_c.dir/rosidl_typesupport_introspection_c/unitree_hg/msg/detail/low_cmd__type_support.c.o[0m
[7.755s] [ 49%] [32mBuilding CXX object CMakeFiles/unitree_hg__rosidl_typesupport_cpp.dir/rosidl_typesupport_cpp/unitree_hg/msg/main_board_state__type_support.cpp.o[0m
[7.761s] [ 50%] [32mBuilding C object CMakeFiles/unitree_hg__rosidl_typesupport_introspection_c.dir/rosidl_typesupport_introspection_c/unitree_hg/msg/detail/low_state__type_support.c.o[0m
[7.781s] [ 51%] [32mBuilding CXX object CMakeFiles/unitree_hg__rosidl_typesupport_cpp.dir/rosidl_typesupport_cpp/unitree_hg/msg/motor_cmd__type_support.cpp.o[0m
[7.788s] [ 52%] [32m[1mLinking CXX shared library libunitree_hg__rosidl_typesupport_c.so[0m
[7.798s] [ 53%] [32mBuilding CXX object CMakeFiles/unitree_hg__rosidl_typesupport_cpp.dir/rosidl_typesupport_cpp/unitree_hg/msg/motor_state__type_support.cpp.o[0m
[7.834s] [ 54%] [32mBuilding CXX object CMakeFiles/unitree_hg__rosidl_typesupport_cpp.dir/rosidl_typesupport_cpp/unitree_hg/msg/press_sensor_state__type_support.cpp.o[0m
[7.861s] [ 55%] [32mBuilding CXX object CMakeFiles/unitree_hg__rosidl_typesupport_fastrtps_cpp.dir/rosidl_typesupport_fastrtps_cpp/unitree_hg/msg/detail/dds_fastrtps/bms_cmd__type_support.cpp.o[0m
[7.866s] [ 56%] [32mBuilding C object CMakeFiles/unitree_hg__rosidl_typesupport_introspection_c.dir/rosidl_typesupport_introspection_c/unitree_hg/msg/detail/main_board_state__type_support.c.o[0m
[7.914s] [ 57%] [32mBuilding CXX object CMakeFiles/unitree_hg__rosidl_typesupport_fastrtps_c.dir/rosidl_typesupport_fastrtps_c/unitree_hg/msg/detail/bms_cmd__type_support_c.cpp.o[0m
[7.958s] [ 58%] [32mBuilding CXX object CMakeFiles/unitree_hg__rosidl_typesupport_fastrtps_c.dir/rosidl_typesupport_fastrtps_c/unitree_hg/msg/detail/bms_state__type_support_c.cpp.o[0m
[8.012s] [ 58%] [32mBuilding C object CMakeFiles/unitree_hg__rosidl_typesupport_introspection_c.dir/rosidl_typesupport_introspection_c/unitree_hg/msg/detail/motor_cmd__type_support.c.o[0m
[8.018s] [ 58%] Built target unitree_hg__rosidl_typesupport_c
[8.029s] [ 59%] [32mBuilding CXX object CMakeFiles/unitree_hg__rosidl_typesupport_fastrtps_cpp.dir/rosidl_typesupport_fastrtps_cpp/unitree_hg/msg/detail/dds_fastrtps/bms_state__type_support.cpp.o[0m
[8.030s] [ 60%] [32m[1mLinking CXX shared library libunitree_hg__rosidl_typesupport_introspection_cpp.so[0m
[8.038s] [ 61%] [32mBuilding CXX object CMakeFiles/unitree_hg__rosidl_typesupport_fastrtps_c.dir/rosidl_typesupport_fastrtps_c/unitree_hg/msg/detail/hand_cmd__type_support_c.cpp.o[0m
[8.048s] [ 61%] [32mBuilding CXX object CMakeFiles/unitree_hg__rosidl_typesupport_fastrtps_cpp.dir/rosidl_typesupport_fastrtps_cpp/unitree_hg/msg/detail/dds_fastrtps/hand_cmd__type_support.cpp.o[0m
[8.132s] [ 62%] [32mBuilding C object CMakeFiles/unitree_hg__rosidl_typesupport_introspection_c.dir/rosidl_typesupport_introspection_c/unitree_hg/msg/detail/motor_state__type_support.c.o[0m
[8.200s] [ 63%] [32mBuilding CXX object CMakeFiles/unitree_hg__rosidl_typesupport_fastrtps_c.dir/rosidl_typesupport_fastrtps_c/unitree_hg/msg/detail/hand_state__type_support_c.cpp.o[0m
[8.238s] [ 64%] [32mBuilding CXX object CMakeFiles/unitree_hg__rosidl_typesupport_fastrtps_c.dir/rosidl_typesupport_fastrtps_c/unitree_hg/msg/detail/imu_state__type_support_c.cpp.o[0m
[8.242s] [ 66%] [32mBuilding C object CMakeFiles/unitree_hg__rosidl_typesupport_introspection_c.dir/rosidl_typesupport_introspection_c/unitree_hg/msg/detail/press_sensor_state__type_support.c.o[0m
[8.243s] [ 66%] [32mBuilding CXX object CMakeFiles/unitree_hg__rosidl_typesupport_fastrtps_cpp.dir/rosidl_typesupport_fastrtps_cpp/unitree_hg/msg/detail/dds_fastrtps/hand_state__type_support.cpp.o[0m
[8.375s] [ 67%] [32m[1mLinking C shared library libunitree_hg__rosidl_typesupport_introspection_c.so[0m
[8.435s] [ 67%] Built target unitree_hg__rosidl_typesupport_introspection_cpp
[8.465s] [ 68%] [32mBuilding CXX object CMakeFiles/unitree_hg__rosidl_typesupport_fastrtps_cpp.dir/rosidl_typesupport_fastrtps_cpp/unitree_hg/msg/detail/dds_fastrtps/imu_state__type_support.cpp.o[0m
[8.503s] [ 69%] [32mBuilding CXX object CMakeFiles/unitree_hg__rosidl_typesupport_fastrtps_cpp.dir/rosidl_typesupport_fastrtps_cpp/unitree_hg/msg/detail/dds_fastrtps/low_cmd__type_support.cpp.o[0m
[8.507s] [ 70%] [32mBuilding CXX object CMakeFiles/unitree_hg__rosidl_typesupport_fastrtps_c.dir/rosidl_typesupport_fastrtps_c/unitree_hg/msg/detail/low_cmd__type_support_c.cpp.o[0m
[8.509s] [ 70%] Built target unitree_hg__rosidl_typesupport_introspection_c
[8.534s] [ 71%] [32mBuilding CXX object CMakeFiles/unitree_hg__rosidl_typesupport_fastrtps_cpp.dir/rosidl_typesupport_fastrtps_cpp/unitree_hg/msg/detail/dds_fastrtps/low_state__type_support.cpp.o[0m
[8.546s] [ 72%] [32mBuilding CXX object CMakeFiles/unitree_hg__rosidl_typesupport_fastrtps_cpp.dir/rosidl_typesupport_fastrtps_cpp/unitree_hg/msg/detail/dds_fastrtps/main_board_state__type_support.cpp.o[0m
[8.611s] [ 73%] [32mBuilding CXX object CMakeFiles/unitree_hg__rosidl_typesupport_fastrtps_cpp.dir/rosidl_typesupport_fastrtps_cpp/unitree_hg/msg/detail/dds_fastrtps/motor_cmd__type_support.cpp.o[0m
[8.635s] [ 74%] [32mBuilding CXX object CMakeFiles/unitree_hg__rosidl_typesupport_fastrtps_cpp.dir/rosidl_typesupport_fastrtps_cpp/unitree_hg/msg/detail/dds_fastrtps/motor_state__type_support.cpp.o[0m
[8.635s] [ 75%] [32m[1mLinking CXX shared library libunitree_hg__rosidl_typesupport_cpp.so[0m
[8.757s] [ 75%] Built target unitree_hg__rosidl_typesupport_cpp
[8.792s] [ 76%] [32mBuilding CXX object CMakeFiles/unitree_hg__rosidl_typesupport_fastrtps_cpp.dir/rosidl_typesupport_fastrtps_cpp/unitree_hg/msg/detail/dds_fastrtps/press_sensor_state__type_support.cpp.o[0m
[8.796s] [ 77%] [32mBuilding CXX object CMakeFiles/unitree_hg__rosidl_typesupport_fastrtps_c.dir/rosidl_typesupport_fastrtps_c/unitree_hg/msg/detail/low_state__type_support_c.cpp.o[0m
[8.842s] [ 78%] [32mBuilding CXX object CMakeFiles/unitree_hg__rosidl_typesupport_fastrtps_c.dir/rosidl_typesupport_fastrtps_c/unitree_hg/msg/detail/main_board_state__type_support_c.cpp.o[0m
[8.960s] [ 79%] [32mBuilding CXX object CMakeFiles/unitree_hg__rosidl_typesupport_fastrtps_c.dir/rosidl_typesupport_fastrtps_c/unitree_hg/msg/detail/motor_state__type_support_c.cpp.o[0m
[8.982s] [ 79%] [32mBuilding CXX object CMakeFiles/unitree_hg__rosidl_typesupport_fastrtps_c.dir/rosidl_typesupport_fastrtps_c/unitree_hg/msg/detail/motor_cmd__type_support_c.cpp.o[0m
[9.024s] [ 80%] [32mBuilding CXX object CMakeFiles/unitree_hg__rosidl_typesupport_fastrtps_c.dir/rosidl_typesupport_fastrtps_c/unitree_hg/msg/detail/press_sensor_state__type_support_c.cpp.o[0m
[9.754s] [ 81%] [32m[1mLinking CXX shared library libunitree_hg__rosidl_typesupport_fastrtps_cpp.so[0m
[9.819s] [ 82%] [32m[1mLinking CXX shared library libunitree_hg__rosidl_typesupport_fastrtps_c.so[0m
[10.057s] [ 82%] Built target unitree_hg__rosidl_typesupport_fastrtps_cpp
[10.216s] [ 82%] Built target unitree_hg__rosidl_typesupport_fastrtps_c
[10.320s] [ 82%] Built target unitree_hg
[10.452s] [ 83%] [34m[1mGenerating Python code for ROS interfaces[0m
[13.595s] [ 83%] Built target unitree_hg__py
[13.673s] [ 85%] [32mBuilding C object CMakeFiles/unitree_hg__rosidl_generator_py.dir/rosidl_generator_py/unitree_hg/msg/_bms_cmd_s.c.o[0m
[13.677s] [ 86%] [32mBuilding C object CMakeFiles/unitree_hg__rosidl_generator_py.dir/rosidl_generator_py/unitree_hg/msg/_bms_state_s.c.o[0m
[13.677s] [ 86%] [32mBuilding C object CMakeFiles/unitree_hg__rosidl_generator_py.dir/rosidl_generator_py/unitree_hg/msg/_hand_state_s.c.o[0m
[13.680s] [ 87%] [32mBuilding C object CMakeFiles/unitree_hg__rosidl_generator_py.dir/rosidl_generator_py/unitree_hg/msg/_low_cmd_s.c.o[0m
[13.681s] [ 88%] [32mBuilding C object CMakeFiles/unitree_hg__rosidl_generator_py.dir/rosidl_generator_py/unitree_hg/msg/_imu_state_s.c.o[0m
[13.682s] [ 88%] [32mBuilding C object CMakeFiles/unitree_hg__rosidl_generator_py.dir/rosidl_generator_py/unitree_hg/msg/_hand_cmd_s.c.o[0m
[13.685s] [ 89%] [32mBuilding C object CMakeFiles/unitree_hg__rosidl_generator_py.dir/rosidl_generator_py/unitree_hg/msg/_low_state_s.c.o[0m
[13.686s] [ 90%] [32mBuilding C object CMakeFiles/unitree_hg__rosidl_generator_py.dir/rosidl_generator_py/unitree_hg/msg/_main_board_state_s.c.o[0m
[13.687s] [ 92%] [32mBuilding C object CMakeFiles/unitree_hg__rosidl_generator_py.dir/rosidl_generator_py/unitree_hg/msg/_motor_cmd_s.c.o[0m
[13.690s] [ 92%] [32mBuilding C object CMakeFiles/unitree_hg__rosidl_generator_py.dir/rosidl_generator_py/unitree_hg/msg/_motor_state_s.c.o[0m
[13.691s] [ 93%] [32mBuilding C object CMakeFiles/unitree_hg__rosidl_generator_py.dir/rosidl_generator_py/unitree_hg/msg/_press_sensor_state_s.c.o[0m
[14.166s] [ 94%] [32m[1mLinking C shared library rosidl_generator_py/unitree_hg/libunitree_hg__rosidl_generator_py.so[0m
[14.243s] [ 94%] Built target unitree_hg__rosidl_generator_py
[14.275s] [ 96%] [32mBuilding C object CMakeFiles/unitree_hg__rosidl_typesupport_introspection_c__pyext.dir/rosidl_generator_py/unitree_hg/_unitree_hg_s.ep.rosidl_typesupport_introspection_c.c.o[0m
[14.275s] [ 96%] [32mBuilding C object CMakeFiles/unitree_hg__rosidl_typesupport_c__pyext.dir/rosidl_generator_py/unitree_hg/_unitree_hg_s.ep.rosidl_typesupport_c.c.o[0m
[14.276s] [ 97%] [32mBuilding C object CMakeFiles/unitree_hg__rosidl_typesupport_fastrtps_c__pyext.dir/rosidl_generator_py/unitree_hg/_unitree_hg_s.ep.rosidl_typesupport_fastrtps_c.c.o[0m
[14.430s] [ 98%] [32m[1mLinking C shared library rosidl_generator_py/unitree_hg/unitree_hg_s__rosidl_typesupport_c.cpython-310-x86_64-linux-gnu.so[0m
[14.432s] [ 99%] [32m[1mLinking C shared library rosidl_generator_py/unitree_hg/unitree_hg_s__rosidl_typesupport_introspection_c.cpython-310-x86_64-linux-gnu.so[0m
[14.433s] [100%] [32m[1mLinking C shared library rosidl_generator_py/unitree_hg/unitree_hg_s__rosidl_typesupport_fastrtps_c.cpython-310-x86_64-linux-gnu.so[0m
[14.482s] [100%] Built target unitree_hg__rosidl_typesupport_c__pyext
[14.482s] [100%] Built target unitree_hg__rosidl_typesupport_introspection_c__pyext
[14.482s] [100%] Built target unitree_hg__rosidl_typesupport_fastrtps_c__pyext
[14.499s] Invoked command in '/home/elijah/go2-convex-mpc/ros2_ws/build/unitree_hg' returned '0': CMAKE_PREFIX_PATH=/opt/ros/humble /usr/bin/cmake --build /home/elijah/go2-convex-mpc/ros2_ws/build/unitree_hg -- -j16 -l16
[14.502s] Invoking command in '/home/elijah/go2-convex-mpc/ros2_ws/build/unitree_hg': CMAKE_PREFIX_PATH=/opt/ros/humble /usr/bin/cmake --install /home/elijah/go2-convex-mpc/ros2_ws/build/unitree_hg
[14.511s] -- Install configuration: ""
[14.512s] -- Execute custom install script
[14.512s] -- Symlinking: /home/elijah/go2-convex-mpc/ros2_ws/install/unitree_hg/share/ament_index/resource_index/rosidl_interfaces/unitree_hg
[14.524s] -- Symlinking: /home/elijah/go2-convex-mpc/ros2_ws/install/unitree_hg/include/unitree_hg/unitree_hg/msg/bms_cmd.h
[14.533s] -- Symlinking: /home/elijah/go2-convex-mpc/ros2_ws/install/unitree_hg/include/unitree_hg/unitree_hg/msg/bms_state.h
[14.543s] -- Symlinking: /home/elijah/go2-convex-mpc/ros2_ws/install/unitree_hg/include/unitree_hg/unitree_hg/msg/detail/bms_cmd__functions.h
[14.552s] -- Symlinking: /home/elijah/go2-convex-mpc/ros2_ws/install/unitree_hg/include/unitree_hg/unitree_hg/msg/detail/bms_cmd__struct.h
[14.561s] -- Symlinking: /home/elijah/go2-convex-mpc/ros2_ws/install/unitree_hg/include/unitree_hg/unitree_hg/msg/detail/bms_cmd__type_support.h
[14.577s] -- Symlinking: /home/elijah/go2-convex-mpc/ros2_ws/install/unitree_hg/include/unitree_hg/unitree_hg/msg/detail/bms_state__functions.h
[14.590s] -- Symlinking: /home/elijah/go2-convex-mpc/ros2_ws/install/unitree_hg/include/unitree_hg/unitree_hg/msg/detail/bms_state__struct.h
[14.605s] -- Symlinking: /home/elijah/go2-convex-mpc/ros2_ws/install/unitree_hg/include/unitree_hg/unitree_hg/msg/detail/bms_state__type_support.h
[14.617s] -- Symlinking: /home/elijah/go2-convex-mpc/ros2_ws/install/unitree_hg/include/unitree_hg/unitree_hg/msg/detail/hand_cmd__functions.h
[14.626s] -- Symlinking: /home/elijah/go2-convex-mpc/ros2_ws/install/unitree_hg/include/unitree_hg/unitree_hg/msg/detail/hand_cmd__struct.h
[14.636s] -- Symlinking: /home/elijah/go2-convex-mpc/ros2_ws/install/unitree_hg/include/unitree_hg/unitree_hg/msg/detail/hand_cmd__type_support.h
[14.648s] -- Symlinking: /home/elijah/go2-convex-mpc/ros2_ws/install/unitree_hg/include/unitree_hg/unitree_hg/msg/detail/hand_state__functions.h
[14.663s] -- Symlinking: /home/elijah/go2-convex-mpc/ros2_ws/install/unitree_hg/include/unitree_hg/unitree_hg/msg/detail/hand_state__struct.h
[14.687s] -- Symlinking: /home/elijah/go2-convex-mpc/ros2_ws/install/unitree_hg/include/unitree_hg/unitree_hg/msg/detail/hand_state__type_support.h
[14.699s] -- Symlinking: /home/elijah/go2-convex-mpc/ros2_ws/install/unitree_hg/include/unitree_hg/unitree_hg/msg/detail/imu_state__functions.h
[14.728s] -- Symlinking: /home/elijah/go2-convex-mpc/ros2_ws/install/unitree_hg/include/unitree_hg/unitree_hg/msg/detail/imu_state__struct.h
[14.762s] -- Symlinking: /home/elijah/go2-convex-mpc/ros2_ws/install/unitree_hg/include/unitree_hg/unitree_hg/msg/detail/imu_state__type_support.h
[14.804s] -- Symlinking: /home/elijah/go2-convex-mpc/ros2_ws/install/unitree_hg/include/unitree_hg/unitree_hg/msg/detail/low_cmd__functions.h
[14.841s] -- Symlinking: /home/elijah/go2-convex-mpc/ros2_ws/install/unitree_hg/include/unitree_hg/unitree_hg/msg/detail/low_cmd__struct.h
[14.875s] -- Symlinking: /home/elijah/go2-convex-mpc/ros2_ws/install/unitree_hg/include/unitree_hg/unitree_hg/msg/detail/low_cmd__type_support.h
[14.911s] -- Symlinking: /home/elijah/go2-convex-mpc/ros2_ws/install/unitree_hg/include/unitree_hg/unitree_hg/msg/detail/low_state__functions.h
[14.951s] -- Symlinking: /home/elijah/go2-convex-mpc/ros2_ws/install/unitree_hg/include/unitree_hg/unitree_hg/msg/detail/low_state__struct.h
[14.992s] -- Symlinking: /home/elijah/go2-convex-mpc/ros2_ws/install/unitree_hg/include/unitree_hg/unitree_hg/msg/detail/low_state__type_support.h
[15.027s] -- Symlinking: /home/elijah/go2-convex-mpc/ros2_ws/install/unitree_hg/include/unitree_hg/unitree_hg/msg/detail/main_board_state__functions.h
[15.062s] -- Symlinking: /home/elijah/go2-convex-mpc/ros2_ws/install/unitree_hg/include/unitree_hg/unitree_hg/msg/detail/main_board_state__struct.h
[15.095s] -- Symlinking: /home/elijah/go2-convex-mpc/ros2_ws/install/unitree_hg/include/unitree_hg/unitree_hg/msg/detail/main_board_state__type_support.h
[15.140s] -- Symlinking: /home/elijah/go2-convex-mpc/ros2_ws/install/unitree_hg/include/unitree_hg/unitree_hg/msg/detail/motor_cmd__functions.h
[15.163s] -- Symlinking: /home/elijah/go2-convex-mpc/ros2_ws/install/unitree_hg/include/unitree_hg/unitree_hg/msg/detail/motor_cmd__struct.h
[15.188s] -- Symlinking: /home/elijah/go2-convex-mpc/ros2_ws/install/unitree_hg/include/unitree_hg/unitree_hg/msg/detail/motor_cmd__type_support.h
[15.213s] -- Symlinking: /home/elijah/go2-convex-mpc/ros2_ws/install/unitree_hg/include/unitree_hg/unitree_hg/msg/detail/motor_state__functions.h
[15.235s] -- Symlinking: /home/elijah/go2-convex-mpc/ros2_ws/install/unitree_hg/include/unitree_hg/unitree_hg/msg/detail/motor_state__struct.h
[15.249s] -- Symlinking: /home/elijah/go2-convex-mpc/ros2_ws/install/unitree_hg/include/unitree_hg/unitree_hg/msg/detail/motor_state__type_support.h
[15.269s] -- Symlinking: /home/elijah/go2-convex-mpc/ros2_ws/install/unitree_hg/include/unitree_hg/unitree_hg/msg/detail/press_sensor_state__functions.h
[15.291s] -- Symlinking: /home/elijah/go2-convex-mpc/ros2_ws/install/unitree_hg/include/unitree_hg/unitree_hg/msg/detail/press_sensor_state__struct.h
[15.314s] -- Symlinking: /home/elijah/go2-convex-mpc/ros2_ws/install/unitree_hg/include/unitree_hg/unitree_hg/msg/detail/press_sensor_state__type_support.h
[15.333s] -- Symlinking: /home/elijah/go2-convex-mpc/ros2_ws/install/unitree_hg/include/unitree_hg/unitree_hg/msg/hand_cmd.h
[15.349s] -- Symlinking: /home/elijah/go2-convex-mpc/ros2_ws/install/unitree_hg/include/unitree_hg/unitree_hg/msg/hand_state.h
[15.372s] -- Symlinking: /home/elijah/go2-convex-mpc/ros2_ws/install/unitree_hg/include/unitree_hg/unitree_hg/msg/imu_state.h
[15.391s] -- Symlinking: /home/elijah/go2-convex-mpc/ros2_ws/install/unitree_hg/include/unitree_hg/unitree_hg/msg/low_cmd.h
[15.410s] -- Symlinking: /home/elijah/go2-convex-mpc/ros2_ws/install/unitree_hg/include/unitree_hg/unitree_hg/msg/low_state.h
[15.425s] -- Symlinking: /home/elijah/go2-convex-mpc/ros2_ws/install/unitree_hg/include/unitree_hg/unitree_hg/msg/main_board_state.h
[15.442s] -- Symlinking: /home/elijah/go2-convex-mpc/ros2_ws/install/unitree_hg/include/unitree_hg/unitree_hg/msg/motor_cmd.h
[15.458s] -- Symlinking: /home/elijah/go2-convex-mpc/ros2_ws/install/unitree_hg/include/unitree_hg/unitree_hg/msg/motor_state.h
[15.476s] -- Symlinking: /home/elijah/go2-convex-mpc/ros2_ws/install/unitree_hg/include/unitree_hg/unitree_hg/msg/press_sensor_state.h
[15.495s] -- Symlinking: /home/elijah/go2-convex-mpc/ros2_ws/install/unitree_hg/include/unitree_hg/unitree_hg/msg/rosidl_generator_c__visibility_control.h
[15.519s] -- Symlinking: /home/elijah/go2-convex-mpc/ros2_ws/install/unitree_hg/share/unitree_hg/environment/library_path.sh
[15.534s] -- Symlinking: /home/elijah/go2-convex-mpc/ros2_ws/install/unitree_hg/share/unitree_hg/environment/library_path.dsv
[15.553s] -- Symlinking: /home/elijah/go2-convex-mpc/ros2_ws/install/unitree_hg/include/unitree_hg/unitree_hg/msg/detail/bms_cmd__rosidl_typesupport_fastrtps_c.h
[15.568s] -- Symlinking: /home/elijah/go2-convex-mpc/ros2_ws/install/unitree_hg/include/unitree_hg/unitree_hg/msg/detail/bms_state__rosidl_typesupport_fastrtps_c.h
[15.587s] -- Symlinking: /home/elijah/go2-convex-mpc/ros2_ws/install/unitree_hg/include/unitree_hg/unitree_hg/msg/detail/hand_cmd__rosidl_typesupport_fastrtps_c.h
[15.604s] -- Symlinking: /home/elijah/go2-convex-mpc/ros2_ws/install/unitree_hg/include/unitree_hg/unitree_hg/msg/detail/hand_state__rosidl_typesupport_fastrtps_c.h
[15.620s] -- Symlinking: /home/elijah/go2-convex-mpc/ros2_ws/install/unitree_hg/include/unitree_hg/unitree_hg/msg/detail/imu_state__rosidl_typesupport_fastrtps_c.h
[15.635s] -- Symlinking: /home/elijah/go2-convex-mpc/ros2_ws/install/unitree_hg/include/unitree_hg/unitree_hg/msg/detail/low_cmd__rosidl_typesupport_fastrtps_c.h
[15.648s] -- Symlinking: /home/elijah/go2-convex-mpc/ros2_ws/install/unitree_hg/include/unitree_hg/unitree_hg/msg/detail/low_state__rosidl_typesupport_fastrtps_c.h
[15.662s] -- Symlinking: /home/elijah/go2-convex-mpc/ros2_ws/install/unitree_hg/include/unitree_hg/unitree_hg/msg/detail/main_board_state__rosidl_typesupport_fastrtps_c.h
[15.676s] -- Symlinking: /home/elijah/go2-convex-mpc/ros2_ws/install/unitree_hg/include/unitree_hg/unitree_hg/msg/detail/motor_cmd__rosidl_typesupport_fastrtps_c.h
[15.691s] -- Symlinking: /home/elijah/go2-convex-mpc/ros2_ws/install/unitree_hg/include/unitree_hg/unitree_hg/msg/detail/motor_state__rosidl_typesupport_fastrtps_c.h
[15.707s] -- Symlinking: /home/elijah/go2-convex-mpc/ros2_ws/install/unitree_hg/include/unitree_hg/unitree_hg/msg/detail/press_sensor_state__rosidl_typesupport_fastrtps_c.h
[15.721s] -- Symlinking: /home/elijah/go2-convex-mpc/ros2_ws/install/unitree_hg/include/unitree_hg/unitree_hg/msg/rosidl_typesupport_fastrtps_c__visibility_control.h
[15.734s] -- Symlinking: /home/elijah/go2-convex-mpc/ros2_ws/install/unitree_hg/include/unitree_hg/unitree_hg/msg/bms_cmd.hpp
[15.745s] -- Symlinking: /home/elijah/go2-convex-mpc/ros2_ws/install/unitree_hg/include/unitree_hg/unitree_hg/msg/bms_state.hpp
[15.756s] -- Symlinking: /home/elijah/go2-convex-mpc/ros2_ws/install/unitree_hg/include/unitree_hg/unitree_hg/msg/detail/bms_cmd__builder.hpp
[15.767s] -- Symlinking: /home/elijah/go2-convex-mpc/ros2_ws/install/unitree_hg/include/unitree_hg/unitree_hg/msg/detail/bms_cmd__struct.hpp
[15.777s] -- Symlinking: /home/elijah/go2-convex-mpc/ros2_ws/install/unitree_hg/include/unitree_hg/unitree_hg/msg/detail/bms_cmd__traits.hpp
[15.791s] -- Symlinking: /home/elijah/go2-convex-mpc/ros2_ws/install/unitree_hg/include/unitree_hg/unitree_hg/msg/detail/bms_cmd__type_support.hpp
[15.804s] -- Symlinking: /home/elijah/go2-convex-mpc/ros2_ws/install/unitree_hg/include/unitree_hg/unitree_hg/msg/detail/bms_state__builder.hpp
[15.813s] -- Symlinking: /home/elijah/go2-convex-mpc/ros2_ws/install/unitree_hg/include/unitree_hg/unitree_hg/msg/detail/bms_state__struct.hpp
[15.823s] -- Symlinking: /home/elijah/go2-convex-mpc/ros2_ws/install/unitree_hg/include/unitree_hg/unitree_hg/msg/detail/bms_state__traits.hpp
[15.832s] -- Symlinking: /home/elijah/go2-convex-mpc/ros2_ws/install/unitree_hg/include/unitree_hg/unitree_hg/msg/detail/bms_state__type_support.hpp
[15.840s] -- Symlinking: /home/elijah/go2-convex-mpc/ros2_ws/install/unitree_hg/include/unitree_hg/unitree_hg/msg/detail/hand_cmd__builder.hpp
[15.848s] -- Symlinking: /home/elijah/go2-convex-mpc/ros2_ws/install/unitree_hg/include/unitree_hg/unitree_hg/msg/detail/hand_cmd__struct.hpp
[15.856s] -- Symlinking: /home/elijah/go2-convex-mpc/ros2_ws/install/unitree_hg/include/unitree_hg/unitree_hg/msg/detail/hand_cmd__traits.hpp
[15.863s] -- Symlinking: /home/elijah/go2-convex-mpc/ros2_ws/install/unitree_hg/include/unitree_hg/unitree_hg/msg/detail/hand_cmd__type_support.hpp
[15.871s] -- Symlinking: /home/elijah/go2-convex-mpc/ros2_ws/install/unitree_hg/include/unitree_hg/unitree_hg/msg/detail/hand_state__builder.hpp
[15.881s] -- Symlinking: /home/elijah/go2-convex-mpc/ros2_ws/install/unitree_hg/include/unitree_hg/unitree_hg/msg/detail/hand_state__struct.hpp
[15.890s] -- Symlinking: /home/elijah/go2-convex-mpc/ros2_ws/install/unitree_hg/include/unitree_hg/unitree_hg/msg/detail/hand_state__traits.hpp
[15.900s] -- Symlinking: /home/elijah/go2-convex-mpc/ros2_ws/install/unitree_hg/include/unitree_hg/unitree_hg/msg/detail/hand_state__type_support.hpp
[15.909s] -- Symlinking: /home/elijah/go2-convex-mpc/ros2_ws/install/unitree_hg/include/unitree_hg/unitree_hg/msg/detail/imu_state__builder.hpp
[15.918s] -- Symlinking: /home/elijah/go2-convex-mpc/ros2_ws/install/unitree_hg/include/unitree_hg/unitree_hg/msg/detail/imu_state__struct.hpp
[15.926s] -- Symlinking: /home/elijah/go2-convex-mpc/ros2_ws/install/unitree_hg/include/unitree_hg/unitree_hg/msg/detail/imu_state__traits.hpp
[15.934s] -- Symlinking: /home/elijah/go2-convex-mpc/ros2_ws/install/unitree_hg/include/unitree_hg/unitree_hg/msg/detail/imu_state__type_support.hpp
[15.941s] -- Symlinking: /home/elijah/go2-convex-mpc/ros2_ws/install/unitree_hg/include/unitree_hg/unitree_hg/msg/detail/low_cmd__builder.hpp
[15.949s] -- Symlinking: /home/elijah/go2-convex-mpc/ros2_ws/install/unitree_hg/include/unitree_hg/unitree_hg/msg/detail/low_cmd__struct.hpp
[15.956s] -- Symlinking: /home/elijah/go2-convex-mpc/ros2_ws/install/unitree_hg/include/unitree_hg/unitree_hg/msg/detail/low_cmd__traits.hpp
[15.963s] -- Symlinking: /home/elijah/go2-convex-mpc/ros2_ws/install/unitree_hg/include/unitree_hg/unitree_hg/msg/detail/low_cmd__type_support.hpp
[15.971s] -- Symlinking: /home/elijah/go2-convex-mpc/ros2_ws/install/unitree_hg/include/unitree_hg/unitree_hg/msg/detail/low_state__builder.hpp
[15.981s] -- Symlinking: /home/elijah/go2-convex-mpc/ros2_ws/install/unitree_hg/include/unitree_hg/unitree_hg/msg/detail/low_state__struct.hpp
[15.991s] -- Symlinking: /home/elijah/go2-convex-mpc/ros2_ws/install/unitree_hg/include/unitree_hg/unitree_hg/msg/detail/low_state__traits.hpp
[16.000s] -- Symlinking: /home/elijah/go2-convex-mpc/ros2_ws/install/unitree_hg/include/unitree_hg/unitree_hg/msg/detail/low_state__type_support.hpp
[16.010s] -- Symlinking: /home/elijah/go2-convex-mpc/ros2_ws/install/unitree_hg/include/unitree_hg/unitree_hg/msg/detail/main_board_state__builder.hpp
[16.017s] -- Symlinking: /home/elijah/go2-convex-mpc/ros2_ws/install/unitree_hg/include/unitree_hg/unitree_hg/msg/detail/main_board_state__struct.hpp
[16.026s] -- Symlinking: /home/elijah/go2-convex-mpc/ros2_ws/install/unitree_hg/include/unitree_hg/unitree_hg/msg/detail/main_board_state__traits.hpp
[16.035s] -- Symlinking: /home/elijah/go2-convex-mpc/ros2_ws/install/unitree_hg/include/unitree_hg/unitree_hg/msg/detail/main_board_state__type_support.hpp
[16.045s] -- Symlinking: /home/elijah/go2-convex-mpc/ros2_ws/install/unitree_hg/include/unitree_hg/unitree_hg/msg/detail/motor_cmd__builder.hpp
[16.054s] -- Symlinking: /home/elijah/go2-convex-mpc/ros2_ws/install/unitree_hg/include/unitree_hg/unitree_hg/msg/detail/motor_cmd__struct.hpp
[16.063s] -- Symlinking: /home/elijah/go2-convex-mpc/ros2_ws/install/unitree_hg/include/unitree_hg/unitree_hg/msg/detail/motor_cmd__traits.hpp
[16.071s] -- Symlinking: /home/elijah/go2-convex-mpc/ros2_ws/install/unitree_hg/include/unitree_hg/unitree_hg/msg/detail/motor_cmd__type_support.hpp
[16.081s] -- Symlinking: /home/elijah/go2-convex-mpc/ros2_ws/install/unitree_hg/include/unitree_hg/unitree_hg/msg/detail/motor_state__builder.hpp
[16.090s] -- Symlinking: /home/elijah/go2-convex-mpc/ros2_ws/install/unitree_hg/include/unitree_hg/unitree_hg/msg/detail/motor_state__struct.hpp
[16.100s] -- Symlinking: /home/elijah/go2-convex-mpc/ros2_ws/install/unitree_hg/include/unitree_hg/unitree_hg/msg/detail/motor_state__traits.hpp
[16.109s] -- Symlinking: /home/elijah/go2-convex-mpc/ros2_ws/install/unitree_hg/include/unitree_hg/unitree_hg/msg/detail/motor_state__type_support.hpp
[16.118s] -- Symlinking: /home/elijah/go2-convex-mpc/ros2_ws/install/unitree_hg/include/unitree_hg/unitree_hg/msg/detail/press_sensor_state__builder.hpp
[16.126s] -- Symlinking: /home/elijah/go2-convex-mpc/ros2_ws/install/unitree_hg/include/unitree_hg/unitree_hg/msg/detail/press_sensor_state__struct.hpp
[16.135s] -- Symlinking: /home/elijah/go2-convex-mpc/ros2_ws/install/unitree_hg/include/unitree_hg/unitree_hg/msg/detail/press_sensor_state__traits.hpp
[16.144s] -- Symlinking: /home/elijah/go2-convex-mpc/ros2_ws/install/unitree_hg/include/unitree_hg/unitree_hg/msg/detail/press_sensor_state__type_support.hpp
[16.153s] -- Symlinking: /home/elijah/go2-convex-mpc/ros2_ws/install/unitree_hg/include/unitree_hg/unitree_hg/msg/hand_cmd.hpp
[16.162s] -- Symlinking: /home/elijah/go2-convex-mpc/ros2_ws/install/unitree_hg/include/unitree_hg/unitree_hg/msg/hand_state.hpp
[16.171s] -- Symlinking: /home/elijah/go2-convex-mpc/ros2_ws/install/unitree_hg/include/unitree_hg/unitree_hg/msg/imu_state.hpp
[16.179s] -- Symlinking: /home/elijah/go2-convex-mpc/ros2_ws/install/unitree_hg/include/unitree_hg/unitree_hg/msg/low_cmd.hpp
[16.188s] -- Symlinking: /home/elijah/go2-convex-mpc/ros2_ws/install/unitree_hg/include/unitree_hg/unitree_hg/msg/low_state.hpp
[16.198s] -- Symlinking: /home/elijah/go2-convex-mpc/ros2_ws/install/unitree_hg/include/unitree_hg/unitree_hg/msg/main_board_state.hpp
[16.206s] -- Symlinking: /home/elijah/go2-convex-mpc/ros2_ws/install/unitree_hg/include/unitree_hg/unitree_hg/msg/motor_cmd.hpp
[16.214s] -- Symlinking: /home/elijah/go2-convex-mpc/ros2_ws/install/unitree_hg/include/unitree_hg/unitree_hg/msg/motor_state.hpp
[16.222s] -- Symlinking: /home/elijah/go2-convex-mpc/ros2_ws/install/unitree_hg/include/unitree_hg/unitree_hg/msg/press_sensor_state.hpp
[16.231s] -- Symlinking: /home/elijah/go2-convex-mpc/ros2_ws/install/unitree_hg/include/unitree_hg/unitree_hg/msg/rosidl_generator_cpp__visibility_control.hpp
[16.240s] -- Symlinking: /home/elijah/go2-convex-mpc/ros2_ws/install/unitree_hg/include/unitree_hg/unitree_hg/msg/detail/bms_cmd__rosidl_typesupport_fastrtps_cpp.hpp
[16.249s] -- Symlinking: /home/elijah/go2-convex-mpc/ros2_ws/install/unitree_hg/include/unitree_hg/unitree_hg/msg/detail/bms_state__rosidl_typesupport_fastrtps_cpp.hpp
[16.257s] -- Symlinking: /home/elijah/go2-convex-mpc/ros2_ws/install/unitree_hg/include/unitree_hg/unitree_hg/msg/detail/hand_cmd__rosidl_typesupport_fastrtps_cpp.hpp
[16.265s] -- Symlinking: /home/elijah/go2-convex-mpc/ros2_ws/install/unitree_hg/include/unitree_hg/unitree_hg/msg/detail/hand_state__rosidl_typesupport_fastrtps_cpp.hpp
[16.273s] -- Symlinking: /home/elijah/go2-convex-mpc/ros2_ws/install/unitree_hg/include/unitree_hg/unitree_hg/msg/detail/imu_state__rosidl_typesupport_fastrtps_cpp.hpp
[16.282s] -- Symlinking: /home/elijah/go2-convex-mpc/ros2_ws/install/unitree_hg/include/unitree_hg/unitree_hg/msg/detail/low_cmd__rosidl_typesupport_fastrtps_cpp.hpp
[16.292s] -- Symlinking: /home/elijah/go2-convex-mpc/ros2_ws/install/unitree_hg/include/unitree_hg/unitree_hg/msg/detail/low_state__rosidl_typesupport_fastrtps_cpp.hpp
[16.301s] -- Symlinking: /home/elijah/go2-convex-mpc/ros2_ws/install/unitree_hg/include/unitree_hg/unitree_hg/msg/detail/main_board_state__rosidl_typesupport_fastrtps_cpp.hpp
[16.309s] -- Symlinking: /home/elijah/go2-convex-mpc/ros2_ws/install/unitree_hg/include/unitree_hg/unitree_hg/msg/detail/motor_cmd__rosidl_typesupport_fastrtps_cpp.hpp
[16.317s] -- Symlinking: /home/elijah/go2-convex-mpc/ros2_ws/install/unitree_hg/include/unitree_hg/unitree_hg/msg/detail/motor_state__rosidl_typesupport_fastrtps_cpp.hpp
[16.325s] -- Symlinking: /home/elijah/go2-convex-mpc/ros2_ws/install/unitree_hg/include/unitree_hg/unitree_hg/msg/detail/press_sensor_state__rosidl_typesupport_fastrtps_cpp.hpp
[16.333s] -- Symlinking: /home/elijah/go2-convex-mpc/ros2_ws/install/unitree_hg/include/unitree_hg/unitree_hg/msg/rosidl_typesupport_fastrtps_cpp__visibility_control.h
[16.341s] -- Symlinking: /home/elijah/go2-convex-mpc/ros2_ws/install/unitree_hg/include/unitree_hg/unitree_hg/msg/detail/bms_cmd__rosidl_typesupport_introspection_c.h
[16.349s] -- Symlinking: /home/elijah/go2-convex-mpc/ros2_ws/install/unitree_hg/include/unitree_hg/unitree_hg/msg/detail/bms_state__rosidl_typesupport_introspection_c.h
[16.356s] -- Symlinking: /home/elijah/go2-convex-mpc/ros2_ws/install/unitree_hg/include/unitree_hg/unitree_hg/msg/detail/hand_cmd__rosidl_typesupport_introspection_c.h
[16.364s] -- Symlinking: /home/elijah/go2-convex-mpc/ros2_ws/install/unitree_hg/include/unitree_hg/unitree_hg/msg/detail/hand_state__rosidl_typesupport_introspection_c.h
[16.372s] -- Symlinking: /home/elijah/go2-convex-mpc/ros2_ws/install/unitree_hg/include/unitree_hg/unitree_hg/msg/detail/imu_state__rosidl_typesupport_introspection_c.h
[16.382s] -- Symlinking: /home/elijah/go2-convex-mpc/ros2_ws/install/unitree_hg/include/unitree_hg/unitree_hg/msg/detail/low_cmd__rosidl_typesupport_introspection_c.h
[16.391s] -- Symlinking: /home/elijah/go2-convex-mpc/ros2_ws/install/unitree_hg/include/unitree_hg/unitree_hg/msg/detail/low_state__rosidl_typesupport_introspection_c.h
[16.399s] -- Symlinking: /home/elijah/go2-convex-mpc/ros2_ws/install/unitree_hg/include/unitree_hg/unitree_hg/msg/detail/main_board_state__rosidl_typesupport_introspection_c.h
[16.407s] -- Symlinking: /home/elijah/go2-convex-mpc/ros2_ws/install/unitree_hg/include/unitree_hg/unitree_hg/msg/detail/motor_cmd__rosidl_typesupport_introspection_c.h
[16.415s] -- Symlinking: /home/elijah/go2-convex-mpc/ros2_ws/install/unitree_hg/include/unitree_hg/unitree_hg/msg/detail/motor_state__rosidl_typesupport_introspection_c.h
[16.423s] -- Symlinking: /home/elijah/go2-convex-mpc/ros2_ws/install/unitree_hg/include/unitree_hg/unitree_hg/msg/detail/press_sensor_state__rosidl_typesupport_introspection_c.h
[16.430s] -- Symlinking: /home/elijah/go2-convex-mpc/ros2_ws/install/unitree_hg/include/unitree_hg/unitree_hg/msg/rosidl_typesupport_introspection_c__visibility_control.h
[16.438s] -- Symlinking: /home/elijah/go2-convex-mpc/ros2_ws/install/unitree_hg/include/unitree_hg/unitree_hg/msg/detail/bms_cmd__rosidl_typesupport_introspection_cpp.hpp
[16.446s] -- Symlinking: /home/elijah/go2-convex-mpc/ros2_ws/install/unitree_hg/include/unitree_hg/unitree_hg/msg/detail/bms_state__rosidl_typesupport_introspection_cpp.hpp
[16.453s] -- Symlinking: /home/elijah/go2-convex-mpc/ros2_ws/install/unitree_hg/include/unitree_hg/unitree_hg/msg/detail/hand_cmd__rosidl_typesupport_introspection_cpp.hpp
[16.461s] -- Symlinking: /home/elijah/go2-convex-mpc/ros2_ws/install/unitree_hg/include/unitree_hg/unitree_hg/msg/detail/hand_state__rosidl_typesupport_introspection_cpp.hpp
[16.469s] -- Symlinking: /home/elijah/go2-convex-mpc/ros2_ws/install/unitree_hg/include/unitree_hg/unitree_hg/msg/detail/imu_state__rosidl_typesupport_introspection_cpp.hpp
[16.478s] -- Symlinking: /home/elijah/go2-convex-mpc/ros2_ws/install/unitree_hg/include/unitree_hg/unitree_hg/msg/detail/low_cmd__rosidl_typesupport_introspection_cpp.hpp
[16.488s] -- Symlinking: /home/elijah/go2-convex-mpc/ros2_ws/install/unitree_hg/include/unitree_hg/unitree_hg/msg/detail/low_state__rosidl_typesupport_introspection_cpp.hpp
[16.497s] -- Symlinking: /home/elijah/go2-convex-mpc/ros2_ws/install/unitree_hg/include/unitree_hg/unitree_hg/msg/detail/main_board_state__rosidl_typesupport_introspection_cpp.hpp
[16.505s] -- Symlinking: /home/elijah/go2-convex-mpc/ros2_ws/install/unitree_hg/include/unitree_hg/unitree_hg/msg/detail/motor_cmd__rosidl_typesupport_introspection_cpp.hpp
[16.513s] -- Symlinking: /home/elijah/go2-convex-mpc/ros2_ws/install/unitree_hg/include/unitree_hg/unitree_hg/msg/detail/motor_state__rosidl_typesupport_introspection_cpp.hpp
[16.520s] -- Symlinking: /home/elijah/go2-convex-mpc/ros2_ws/install/unitree_hg/include/unitree_hg/unitree_hg/msg/detail/press_sensor_state__rosidl_typesupport_introspection_cpp.hpp
[16.529s] -- Symlinking: /home/elijah/go2-convex-mpc/ros2_ws/install/unitree_hg/share/unitree_hg/environment/pythonpath.sh
[16.539s] -- Symlinking: /home/elijah/go2-convex-mpc/ros2_ws/install/unitree_hg/share/unitree_hg/environment/pythonpath.dsv
[16.549s] -- Symlinking: /home/elijah/go2-convex-mpc/ros2_ws/install/unitree_hg/local/lib/python3.10/dist-packages/unitree_hg-0.0.0-py3.10.egg-info/PKG-INFO
[16.557s] -- Symlinking: /home/elijah/go2-convex-mpc/ros2_ws/install/unitree_hg/local/lib/python3.10/dist-packages/unitree_hg-0.0.0-py3.10.egg-info/SOURCES.txt
[16.567s] -- Symlinking: /home/elijah/go2-convex-mpc/ros2_ws/install/unitree_hg/local/lib/python3.10/dist-packages/unitree_hg-0.0.0-py3.10.egg-info/dependency_links.txt
[16.575s] -- Symlinking: /home/elijah/go2-convex-mpc/ros2_ws/install/unitree_hg/local/lib/python3.10/dist-packages/unitree_hg-0.0.0-py3.10.egg-info/top_level.txt
[16.586s] -- Symlinking: /home/elijah/go2-convex-mpc/ros2_ws/install/unitree_hg/local/lib/python3.10/dist-packages/unitree_hg/__init__.py
[16.594s] -- Symlinking: /home/elijah/go2-convex-mpc/ros2_ws/install/unitree_hg/local/lib/python3.10/dist-packages/unitree_hg/_unitree_hg_s.ep.rosidl_typesupport_c.c
[16.603s] -- Symlinking: /home/elijah/go2-convex-mpc/ros2_ws/install/unitree_hg/local/lib/python3.10/dist-packages/unitree_hg/_unitree_hg_s.ep.rosidl_typesupport_fastrtps_c.c
[16.611s] -- Symlinking: /home/elijah/go2-convex-mpc/ros2_ws/install/unitree_hg/local/lib/python3.10/dist-packages/unitree_hg/_unitree_hg_s.ep.rosidl_typesupport_introspection_c.c
[16.620s] -- Symlinking: /home/elijah/go2-convex-mpc/ros2_ws/install/unitree_hg/local/lib/python3.10/dist-packages/unitree_hg/libunitree_hg__rosidl_generator_py.so
[16.629s] -- Symlinking: /home/elijah/go2-convex-mpc/ros2_ws/install/unitree_hg/local/lib/python3.10/dist-packages/unitree_hg/msg/__init__.py
[16.637s] -- Symlinking: /home/elijah/go2-convex-mpc/ros2_ws/install/unitree_hg/local/lib/python3.10/dist-packages/unitree_hg/msg/_bms_cmd.py
[16.646s] -- Symlinking: /home/elijah/go2-convex-mpc/ros2_ws/install/unitree_hg/local/lib/python3.10/dist-packages/unitree_hg/msg/_bms_cmd_s.c
[16.654s] -- Symlinking: /home/elijah/go2-convex-mpc/ros2_ws/install/unitree_hg/local/lib/python3.10/dist-packages/unitree_hg/msg/_bms_state.py
[16.663s] -- Symlinking: /home/elijah/go2-convex-mpc/ros2_ws/install/unitree_hg/local/lib/python3.10/dist-packages/unitree_hg/msg/_bms_state_s.c
[16.671s] -- Symlinking: /home/elijah/go2-convex-mpc/ros2_ws/install/unitree_hg/local/lib/python3.10/dist-packages/unitree_hg/msg/_hand_cmd.py
[16.680s] -- Symlinking: /home/elijah/go2-convex-mpc/ros2_ws/install/unitree_hg/local/lib/python3.10/dist-packages/unitree_hg/msg/_hand_cmd_s.c
[16.689s] -- Symlinking: /home/elijah/go2-convex-mpc/ros2_ws/install/unitree_hg/local/lib/python3.10/dist-packages/unitree_hg/msg/_hand_state.py
[16.699s] -- Symlinking: /home/elijah/go2-convex-mpc/ros2_ws/install/unitree_hg/local/lib/python3.10/dist-packages/unitree_hg/msg/_hand_state_s.c
[16.707s] -- Symlinking: /home/elijah/go2-convex-mpc/ros2_ws/install/unitree_hg/local/lib/python3.10/dist-packages/unitree_hg/msg/_imu_state.py
[16.716s] -- Symlinking: /home/elijah/go2-convex-mpc/ros2_ws/install/unitree_hg/local/lib/python3.10/dist-packages/unitree_hg/msg/_imu_state_s.c
[16.724s] -- Symlinking: /home/elijah/go2-convex-mpc/ros2_ws/install/unitree_hg/local/lib/python3.10/dist-packages/unitree_hg/msg/_low_cmd.py
[16.733s] -- Symlinking: /home/elijah/go2-convex-mpc/ros2_ws/install/unitree_hg/local/lib/python3.10/dist-packages/unitree_hg/msg/_low_cmd_s.c
[16.741s] -- Symlinking: /home/elijah/go2-convex-mpc/ros2_ws/install/unitree_hg/local/lib/python3.10/dist-packages/unitree_hg/msg/_low_state.py
[16.750s] -- Symlinking: /home/elijah/go2-convex-mpc/ros2_ws/install/unitree_hg/local/lib/python3.10/dist-packages/unitree_hg/msg/_low_state_s.c
[16.759s] -- Symlinking: /home/elijah/go2-convex-mpc/ros2_ws/install/unitree_hg/local/lib/python3.10/dist-packages/unitree_hg/msg/_main_board_state.py
[16.767s] -- Symlinking: /home/elijah/go2-convex-mpc/ros2_ws/install/unitree_hg/local/lib/python3.10/dist-packages/unitree_hg/msg/_main_board_state_s.c
[16.777s] -- Symlinking: /home/elijah/go2-convex-mpc/ros2_ws/install/unitree_hg/local/lib/python3.10/dist-packages/unitree_hg/msg/_motor_cmd.py
[16.786s] -- Symlinking: /home/elijah/go2-convex-mpc/ros2_ws/install/unitree_hg/local/lib/python3.10/dist-packages/unitree_hg/msg/_motor_cmd_s.c
[16.795s] -- Symlinking: /home/elijah/go2-convex-mpc/ros2_ws/install/unitree_hg/local/lib/python3.10/dist-packages/unitree_hg/msg/_motor_state.py
[16.804s] -- Symlinking: /home/elijah/go2-convex-mpc/ros2_ws/install/unitree_hg/local/lib/python3.10/dist-packages/unitree_hg/msg/_motor_state_s.c
[16.812s] -- Symlinking: /home/elijah/go2-convex-mpc/ros2_ws/install/unitree_hg/local/lib/python3.10/dist-packages/unitree_hg/msg/_press_sensor_state.py
[16.820s] -- Symlinking: /home/elijah/go2-convex-mpc/ros2_ws/install/unitree_hg/local/lib/python3.10/dist-packages/unitree_hg/msg/_press_sensor_state_s.c
[16.829s] -- Symlinking: /home/elijah/go2-convex-mpc/ros2_ws/install/unitree_hg/local/lib/python3.10/dist-packages/unitree_hg/unitree_hg_s__rosidl_typesupport_c.cpython-310-x86_64-linux-gnu.so
[16.837s] -- Symlinking: /home/elijah/go2-convex-mpc/ros2_ws/install/unitree_hg/local/lib/python3.10/dist-packages/unitree_hg/unitree_hg_s__rosidl_typesupport_fastrtps_c.cpython-310-x86_64-linux-gnu.so
[16.846s] -- Symlinking: /home/elijah/go2-convex-mpc/ros2_ws/install/unitree_hg/local/lib/python3.10/dist-packages/unitree_hg/unitree_hg_s__rosidl_typesupport_introspection_c.cpython-310-x86_64-linux-gnu.so
[16.855s] -- Up-to-date symlink: /home/elijah/go2-convex-mpc/ros2_ws/install/unitree_hg/local/lib/python3.10/dist-packages/unitree_hg/unitree_hg_s__rosidl_typesupport_fastrtps_c.cpython-310-x86_64-linux-gnu.so
[16.856s] -- Up-to-date symlink: /home/elijah/go2-convex-mpc/ros2_ws/install/unitree_hg/local/lib/python3.10/dist-packages/unitree_hg/unitree_hg_s__rosidl_typesupport_introspection_c.cpython-310-x86_64-linux-gnu.so
[16.856s] -- Up-to-date symlink: /home/elijah/go2-convex-mpc/ros2_ws/install/unitree_hg/local/lib/python3.10/dist-packages/unitree_hg/unitree_hg_s__rosidl_typesupport_c.cpython-310-x86_64-linux-gnu.so
[16.856s] -- Symlinking: /home/elijah/go2-convex-mpc/ros2_ws/install/unitree_hg/share/unitree_hg/msg/BmsCmd.idl
[16.866s] -- Symlinking: /home/elijah/go2-convex-mpc/ros2_ws/install/unitree_hg/share/unitree_hg/msg/BmsState.idl
[16.875s] -- Symlinking: /home/elijah/go2-convex-mpc/ros2_ws/install/unitree_hg/share/unitree_hg/msg/HandCmd.idl
[16.884s] -- Symlinking: /home/elijah/go2-convex-mpc/ros2_ws/install/unitree_hg/share/unitree_hg/msg/HandState.idl
[16.893s] -- Symlinking: /home/elijah/go2-convex-mpc/ros2_ws/install/unitree_hg/share/unitree_hg/msg/IMUState.idl
[16.903s] -- Symlinking: /home/elijah/go2-convex-mpc/ros2_ws/install/unitree_hg/share/unitree_hg/msg/LowCmd.idl
[16.912s] -- Symlinking: /home/elijah/go2-convex-mpc/ros2_ws/install/unitree_hg/share/unitree_hg/msg/LowState.idl
[16.921s] -- Symlinking: /home/elijah/go2-convex-mpc/ros2_ws/install/unitree_hg/share/unitree_hg/msg/MainBoardState.idl
[16.930s] -- Symlinking: /home/elijah/go2-convex-mpc/ros2_ws/install/unitree_hg/share/unitree_hg/msg/MotorCmd.idl
[16.939s] -- Symlinking: /home/elijah/go2-convex-mpc/ros2_ws/install/unitree_hg/share/unitree_hg/msg/MotorState.idl
[16.948s] -- Symlinking: /home/elijah/go2-convex-mpc/ros2_ws/install/unitree_hg/share/unitree_hg/msg/PressSensorState.idl
[16.956s] -- Symlinking: /home/elijah/go2-convex-mpc/ros2_ws/install/unitree_hg/share/unitree_hg/msg/BmsCmd.msg
[16.966s] -- Symlinking: /home/elijah/go2-convex-mpc/ros2_ws/install/unitree_hg/share/unitree_hg/msg/BmsState.msg
[16.974s] -- Symlinking: /home/elijah/go2-convex-mpc/ros2_ws/install/unitree_hg/share/unitree_hg/msg/HandCmd.msg
[16.984s] -- Symlinking: /home/elijah/go2-convex-mpc/ros2_ws/install/unitree_hg/share/unitree_hg/msg/HandState.msg
[16.993s] -- Symlinking: /home/elijah/go2-convex-mpc/ros2_ws/install/unitree_hg/share/unitree_hg/msg/IMUState.msg
[17.002s] -- Symlinking: /home/elijah/go2-convex-mpc/ros2_ws/install/unitree_hg/share/unitree_hg/msg/LowCmd.msg
[17.010s] -- Symlinking: /home/elijah/go2-convex-mpc/ros2_ws/install/unitree_hg/share/unitree_hg/msg/LowState.msg
[17.018s] -- Symlinking: /home/elijah/go2-convex-mpc/ros2_ws/install/unitree_hg/share/unitree_hg/msg/MainBoardState.msg
[17.026s] -- Symlinking: /home/elijah/go2-convex-mpc/ros2_ws/install/unitree_hg/share/unitree_hg/msg/MotorCmd.msg
[17.035s] -- Symlinking: /home/elijah/go2-convex-mpc/ros2_ws/install/unitree_hg/share/unitree_hg/msg/MotorState.msg
[17.043s] -- Symlinking: /home/elijah/go2-convex-mpc/ros2_ws/install/unitree_hg/share/unitree_hg/msg/PressSensorState.msg
[17.052s] -- Symlinking: /home/elijah/go2-convex-mpc/ros2_ws/install/unitree_hg/share/unitree_hg/msg/dds_connext/BmsCmd_.idl
[17.061s] -- Symlinking: /home/elijah/go2-convex-mpc/ros2_ws/install/unitree_hg/share/unitree_hg/msg/dds_connext/BmsState_.idl
[17.070s] -- Symlinking: /home/elijah/go2-convex-mpc/ros2_ws/install/unitree_hg/share/unitree_hg/msg/dds_connext/HandCmd_.idl
[17.079s] -- Symlinking: /home/elijah/go2-convex-mpc/ros2_ws/install/unitree_hg/share/unitree_hg/msg/dds_connext/HandState_.idl
[17.088s] -- Symlinking: /home/elijah/go2-convex-mpc/ros2_ws/install/unitree_hg/share/unitree_hg/msg/dds_connext/IMUState_.idl
[17.098s] -- Symlinking: /home/elijah/go2-convex-mpc/ros2_ws/install/unitree_hg/share/unitree_hg/msg/dds_connext/LowCmd_.idl
[17.107s] -- Symlinking: /home/elijah/go2-convex-mpc/ros2_ws/install/unitree_hg/share/unitree_hg/msg/dds_connext/LowState_.idl
[17.116s] -- Symlinking: /home/elijah/go2-convex-mpc/ros2_ws/install/unitree_hg/share/unitree_hg/msg/dds_connext/MainBoardState_.idl
[17.124s] -- Symlinking: /home/elijah/go2-convex-mpc/ros2_ws/install/unitree_hg/share/unitree_hg/msg/dds_connext/MotorCmd_.idl
[17.132s] -- Symlinking: /home/elijah/go2-convex-mpc/ros2_ws/install/unitree_hg/share/unitree_hg/msg/dds_connext/MotorState_.idl
[17.140s] -- Symlinking: /home/elijah/go2-convex-mpc/ros2_ws/install/unitree_hg/share/unitree_hg/msg/dds_connext/PressSensorState_.idl
[17.149s] -- Symlinking: /home/elijah/go2-convex-mpc/ros2_ws/install/unitree_hg/share/ament_index/resource_index/package_run_dependencies/unitree_hg
[17.158s] -- Symlinking: /home/elijah/go2-convex-mpc/ros2_ws/install/unitree_hg/share/ament_index/resource_index/parent_prefix_path/unitree_hg
[17.166s] -- Symlinking: /home/elijah/go2-convex-mpc/ros2_ws/install/unitree_hg/share/unitree_hg/environment/ament_prefix_path.sh
[17.174s] -- Symlinking: /home/elijah/go2-convex-mpc/ros2_ws/install/unitree_hg/share/unitree_hg/environment/ament_prefix_path.dsv
[17.183s] -- Symlinking: /home/elijah/go2-convex-mpc/ros2_ws/install/unitree_hg/share/unitree_hg/environment/path.sh
[17.192s] -- Symlinking: /home/elijah/go2-convex-mpc/ros2_ws/install/unitree_hg/share/unitree_hg/environment/path.dsv
[17.201s] -- Symlinking: /home/elijah/go2-convex-mpc/ros2_ws/install/unitree_hg/share/unitree_hg/local_setup.bash
[17.209s] -- Symlinking: /home/elijah/go2-convex-mpc/ros2_ws/install/unitree_hg/share/unitree_hg/local_setup.sh
[17.218s] -- Symlinking: /home/elijah/go2-convex-mpc/ros2_ws/install/unitree_hg/share/unitree_hg/local_setup.zsh
[17.226s] -- Symlinking: /home/elijah/go2-convex-mpc/ros2_ws/install/unitree_hg/share/unitree_hg/local_setup.dsv
[17.236s] -- Symlinking: /home/elijah/go2-convex-mpc/ros2_ws/install/unitree_hg/share/unitree_hg/package.dsv
[17.245s] -- Symlinking: /home/elijah/go2-convex-mpc/ros2_ws/install/unitree_hg/share/ament_index/resource_index/packages/unitree_hg
[17.253s] -- Symlinking: /home/elijah/go2-convex-mpc/ros2_ws/install/unitree_hg/share/unitree_hg/cmake/rosidl_cmake-extras.cmake
[17.262s] -- Symlinking: /home/elijah/go2-convex-mpc/ros2_ws/install/unitree_hg/share/unitree_hg/cmake/ament_cmake_export_dependencies-extras.cmake
[17.271s] -- Symlinking: /home/elijah/go2-convex-mpc/ros2_ws/install/unitree_hg/share/unitree_hg/cmake/ament_cmake_export_include_directories-extras.cmake
[17.280s] -- Symlinking: /home/elijah/go2-convex-mpc/ros2_ws/install/unitree_hg/share/unitree_hg/cmake/ament_cmake_export_libraries-extras.cmake
[17.289s] -- Symlinking: /home/elijah/go2-convex-mpc/ros2_ws/install/unitree_hg/share/unitree_hg/cmake/ament_cmake_export_targets-extras.cmake
[17.298s] -- Symlinking: /home/elijah/go2-convex-mpc/ros2_ws/install/unitree_hg/share/unitree_hg/cmake/rosidl_cmake_export_typesupport_targets-extras.cmake
[17.307s] -- Symlinking: /home/elijah/go2-convex-mpc/ros2_ws/install/unitree_hg/share/unitree_hg/cmake/rosidl_cmake_export_typesupport_libraries-extras.cmake
[17.317s] -- Symlinking: /home/elijah/go2-convex-mpc/ros2_ws/install/unitree_hg/share/unitree_hg/cmake/unitree_hgConfig.cmake
[17.326s] -- Symlinking: /home/elijah/go2-convex-mpc/ros2_ws/install/unitree_hg/share/unitree_hg/cmake/unitree_hgConfig-version.cmake
[17.334s] -- Symlinking: /home/elijah/go2-convex-mpc/ros2_ws/install/unitree_hg/share/unitree_hg/package.xml
[17.342s] -- Installing: /home/elijah/go2-convex-mpc/ros2_ws/install/unitree_hg/lib/libunitree_hg__rosidl_generator_c.so
[17.342s] -- Set runtime path of "/home/elijah/go2-convex-mpc/ros2_ws/install/unitree_hg/lib/libunitree_hg__rosidl_generator_c.so" to ""
[17.343s] -- Installing: /home/elijah/go2-convex-mpc/ros2_ws/install/unitree_hg/lib/libunitree_hg__rosidl_typesupport_fastrtps_c.so
[17.343s] -- Set runtime path of "/home/elijah/go2-convex-mpc/ros2_ws/install/unitree_hg/lib/libunitree_hg__rosidl_typesupport_fastrtps_c.so" to ""
[17.343s] -- Installing: /home/elijah/go2-convex-mpc/ros2_ws/install/unitree_hg/lib/libunitree_hg__rosidl_typesupport_fastrtps_cpp.so
[17.343s] -- Set runtime path of "/home/elijah/go2-convex-mpc/ros2_ws/install/unitree_hg/lib/libunitree_hg__rosidl_typesupport_fastrtps_cpp.so" to ""
[17.343s] -- Installing: /home/elijah/go2-convex-mpc/ros2_ws/install/unitree_hg/lib/libunitree_hg__rosidl_typesupport_introspection_c.so
[17.344s] -- Set runtime path of "/home/elijah/go2-convex-mpc/ros2_ws/install/unitree_hg/lib/libunitree_hg__rosidl_typesupport_introspection_c.so" to ""
[17.344s] -- Installing: /home/elijah/go2-convex-mpc/ros2_ws/install/unitree_hg/lib/libunitree_hg__rosidl_typesupport_c.so
[17.344s] -- Set runtime path of "/home/elijah/go2-convex-mpc/ros2_ws/install/unitree_hg/lib/libunitree_hg__rosidl_typesupport_c.so" to ""
[17.344s] -- Installing: /home/elijah/go2-convex-mpc/ros2_ws/install/unitree_hg/lib/libunitree_hg__rosidl_typesupport_introspection_cpp.so
[17.345s] -- Set runtime path of "/home/elijah/go2-convex-mpc/ros2_ws/install/unitree_hg/lib/libunitree_hg__rosidl_typesupport_introspection_cpp.so" to ""
[17.345s] -- Installing: /home/elijah/go2-convex-mpc/ros2_ws/install/unitree_hg/lib/libunitree_hg__rosidl_typesupport_cpp.so
[17.345s] -- Set runtime path of "/home/elijah/go2-convex-mpc/ros2_ws/install/unitree_hg/lib/libunitree_hg__rosidl_typesupport_cpp.so" to ""
[17.382s] Listing '/home/elijah/go2-convex-mpc/ros2_ws/install/unitree_hg/local/lib/python3.10/dist-packages/unitree_hg'...
[17.382s] Compiling '/home/elijah/go2-convex-mpc/ros2_ws/install/unitree_hg/local/lib/python3.10/dist-packages/unitree_hg/__init__.py'...
[17.382s] Listing '/home/elijah/go2-convex-mpc/ros2_ws/install/unitree_hg/local/lib/python3.10/dist-packages/unitree_hg/msg'...
[17.382s] Compiling '/home/elijah/go2-convex-mpc/ros2_ws/install/unitree_hg/local/lib/python3.10/dist-packages/unitree_hg/msg/__init__.py'...
[17.383s] Compiling '/home/elijah/go2-convex-mpc/ros2_ws/install/unitree_hg/local/lib/python3.10/dist-packages/unitree_hg/msg/_bms_cmd.py'...
[17.383s] Compiling '/home/elijah/go2-convex-mpc/ros2_ws/install/unitree_hg/local/lib/python3.10/dist-packages/unitree_hg/msg/_bms_state.py'...
[17.383s] Compiling '/home/elijah/go2-convex-mpc/ros2_ws/install/unitree_hg/local/lib/python3.10/dist-packages/unitree_hg/msg/_hand_cmd.py'...
[17.383s] Compiling '/home/elijah/go2-convex-mpc/ros2_ws/install/unitree_hg/local/lib/python3.10/dist-packages/unitree_hg/msg/_hand_state.py'...
[17.383s] Compiling '/home/elijah/go2-convex-mpc/ros2_ws/install/unitree_hg/local/lib/python3.10/dist-packages/unitree_hg/msg/_imu_state.py'...
[17.383s] Compiling '/home/elijah/go2-convex-mpc/ros2_ws/install/unitree_hg/local/lib/python3.10/dist-packages/unitree_hg/msg/_low_cmd.py'...
[17.383s] Compiling '/home/elijah/go2-convex-mpc/ros2_ws/install/unitree_hg/local/lib/python3.10/dist-packages/unitree_hg/msg/_low_state.py'...
[17.383s] Compiling '/home/elijah/go2-convex-mpc/ros2_ws/install/unitree_hg/local/lib/python3.10/dist-packages/unitree_hg/msg/_main_board_state.py'...
[17.383s] Compiling '/home/elijah/go2-convex-mpc/ros2_ws/install/unitree_hg/local/lib/python3.10/dist-packages/unitree_hg/msg/_motor_cmd.py'...
[17.383s] Compiling '/home/elijah/go2-convex-mpc/ros2_ws/install/unitree_hg/local/lib/python3.10/dist-packages/unitree_hg/msg/_motor_state.py'...
[17.383s] Compiling '/home/elijah/go2-convex-mpc/ros2_ws/install/unitree_hg/local/lib/python3.10/dist-packages/unitree_hg/msg/_press_sensor_state.py'...
[17.387s] -- Installing: /home/elijah/go2-convex-mpc/ros2_ws/install/unitree_hg/lib/libunitree_hg__rosidl_generator_py.so
[17.388s] -- Set runtime path of "/home/elijah/go2-convex-mpc/ros2_ws/install/unitree_hg/lib/libunitree_hg__rosidl_generator_py.so" to ""
[17.388s] -- Installing: /home/elijah/go2-convex-mpc/ros2_ws/install/unitree_hg/share/unitree_hg/cmake/export_unitree_hg__rosidl_generator_cExport.cmake
[17.388s] -- Installing: /home/elijah/go2-convex-mpc/ros2_ws/install/unitree_hg/share/unitree_hg/cmake/export_unitree_hg__rosidl_generator_cExport-noconfig.cmake
[17.388s] -- Installing: /home/elijah/go2-convex-mpc/ros2_ws/install/unitree_hg/share/unitree_hg/cmake/export_unitree_hg__rosidl_typesupport_fastrtps_cExport.cmake
[17.389s] -- Installing: /home/elijah/go2-convex-mpc/ros2_ws/install/unitree_hg/share/unitree_hg/cmake/export_unitree_hg__rosidl_typesupport_fastrtps_cExport-noconfig.cmake
[17.389s] -- Installing: /home/elijah/go2-convex-mpc/ros2_ws/install/unitree_hg/share/unitree_hg/cmake/export_unitree_hg__rosidl_generator_cppExport.cmake
[17.389s] -- Installing: /home/elijah/go2-convex-mpc/ros2_ws/install/unitree_hg/share/unitree_hg/cmake/export_unitree_hg__rosidl_typesupport_fastrtps_cppExport.cmake
[17.389s] -- Installing: /home/elijah/go2-convex-mpc/ros2_ws/install/unitree_hg/share/unitree_hg/cmake/export_unitree_hg__rosidl_typesupport_fastrtps_cppExport-noconfig.cmake
[17.389s] -- Installing: /home/elijah/go2-convex-mpc/ros2_ws/install/unitree_hg/share/unitree_hg/cmake/unitree_hg__rosidl_typesupport_introspection_cExport.cmake
[17.389s] -- Installing: /home/elijah/go2-convex-mpc/ros2_ws/install/unitree_hg/share/unitree_hg/cmake/unitree_hg__rosidl_typesupport_introspection_cExport-noconfig.cmake
[17.389s] -- Installing: /home/elijah/go2-convex-mpc/ros2_ws/install/unitree_hg/share/unitree_hg/cmake/unitree_hg__rosidl_typesupport_cExport.cmake
[17.390s] -- Installing: /home/elijah/go2-convex-mpc/ros2_ws/install/unitree_hg/share/unitree_hg/cmake/unitree_hg__rosidl_typesupport_cExport-noconfig.cmake
[17.390s] -- Installing: /home/elijah/go2-convex-mpc/ros2_ws/install/unitree_hg/share/unitree_hg/cmake/unitree_hg__rosidl_typesupport_introspection_cppExport.cmake
[17.390s] -- Installing: /home/elijah/go2-convex-mpc/ros2_ws/install/unitree_hg/share/unitree_hg/cmake/unitree_hg__rosidl_typesupport_introspection_cppExport-noconfig.cmake
[17.390s] -- Installing: /home/elijah/go2-convex-mpc/ros2_ws/install/unitree_hg/share/unitree_hg/cmake/unitree_hg__rosidl_typesupport_cppExport.cmake
[17.390s] -- Installing: /home/elijah/go2-convex-mpc/ros2_ws/install/unitree_hg/share/unitree_hg/cmake/unitree_hg__rosidl_typesupport_cppExport-noconfig.cmake
[17.390s] -- Installing: /home/elijah/go2-convex-mpc/ros2_ws/install/unitree_hg/share/unitree_hg/cmake/export_unitree_hg__rosidl_generator_pyExport.cmake
[17.390s] -- Installing: /home/elijah/go2-convex-mpc/ros2_ws/install/unitree_hg/share/unitree_hg/cmake/export_unitree_hg__rosidl_generator_pyExport-noconfig.cmake
[17.393s] Invoked command in '/home/elijah/go2-convex-mpc/ros2_ws/build/unitree_hg' returned '0': CMAKE_PREFIX_PATH=/opt/ros/humble /usr/bin/cmake --install /home/elijah/go2-convex-mpc/ros2_ws/build/unitree_hg
