[0.010s] Invoking command in '/home/elijah/go2-convex-mpc/ros2_ws/build/unitree_go': /usr/bin/cmake /home/elijah/go2-convex-mpc/ros2_ws/src/unitree_ros2/cyclonedds_ws/src/unitree/unitree_go -DAMENT_CMAKE_SYMLINK_INSTALL=1 -DCMAKE_INSTALL_PREFIX=/home/elijah/go2-convex-mpc/ros2_ws/install/unitree_go
[0.067s] -- The C compiler identification is GNU 11.4.0
[0.113s] -- The CXX compiler identification is GNU 11.4.0
[0.121s] -- Detecting C compiler ABI info
[0.180s] -- Detecting C compiler ABI info - done
[0.185s] -- Check for working C compiler: /usr/bin/cc - skipped
[0.185s] -- Detecting C compile features
[0.185s] -- Detecting C compile features - done
[0.188s] -- Detecting CXX compiler ABI info
[0.254s] -- Detecting CXX compiler ABI info - done
[0.259s] -- Check for working CXX compiler: /usr/bin/c++ - skipped
[0.260s] -- Detecting CXX compile features
[0.260s] -- Detecting CXX compile features - done
[0.268s] [31mCMake Error at CMakeLists.txt:19 (find_package):
[0.268s]   By not providing "Findament_cmake.cmake" in CMAKE_MODULE_PATH this project
[0.269s]   has asked CMake to find a package configuration file provided by
[0.269s]   "ament_cmake", but CMake did not find one.
[0.269s] 
[0.269s]   Could not find a package configuration file provided by "ament_cmake" with
[0.269s]   any of the following names:
[0.269s] 
[0.269s]     ament_cmakeConfig.cmake
[0.269s]     ament_cmake-config.cmake
[0.269s] 
[0.269s]   Add the installation prefix of "ament_cmake" to CMAKE_PREFIX_PATH or set
[0.269s]   "ament_cmake_DIR" to a directory containing one of the above files.  If
[0.269s]   "ament_cmake" provides a separate development package or SDK, be sure it
[0.269s]   has been installed.
[0.269s] 
[0.269s] [0m
[0.269s] -- Configuring incomplete, errors occurred!
[0.269s] See also "/home/elijah/go2-convex-mpc/ros2_ws/build/unitree_go/CMakeFiles/CMakeOutput.log".
[0.275s] Invoked command in '/home/elijah/go2-convex-mpc/ros2_ws/build/unitree_go' returned '1': /usr/bin/cmake /home/elijah/go2-convex-mpc/ros2_ws/src/unitree_ros2/cyclonedds_ws/src/unitree/unitree_go -DAMENT_CMAKE_SYMLINK_INSTALL=1 -DCMAKE_INSTALL_PREFIX=/home/elijah/go2-convex-mpc/ros2_ws/install/unitree_go
