[0.453s] Invoking command in '/home/elijah/go2-convex-mpc/ros2_ws/build/mujoco_go2_robot': PYTHONPATH=/home/elijah/go2-convex-mpc/ros2_ws/build/mujoco_go2_robot/prefix_override:/usr/lib/python3/dist-packages/colcon_core/task/python/colcon_distutils_commands:/home/elijah/go2-convex-mpc/ros2_ws/install/mujoco_go2_robot/lib/python3.10/site-packages:${PYTHONPATH} /usr/bin/python3 -W ignore:setup.py install is deprecated -W ignore:easy_install command is deprecated setup.py develop --editable --build-directory /home/elijah/go2-convex-mpc/ros2_ws/build/mujoco_go2_robot/build --no-deps symlink_data
[0.645s] running develop
[0.760s] running egg_info
[0.760s] creating mujoco_go2_robot.egg-info
[0.760s] writing mujoco_go2_robot.egg-info/PKG-INFO
[0.760s] writing dependency_links to mujoco_go2_robot.egg-info/dependency_links.txt
[0.760s] writing entry points to mujoco_go2_robot.egg-info/entry_points.txt
[0.761s] writing requirements to mujoco_go2_robot.egg-info/requires.txt
[0.761s] writing top-level names to mujoco_go2_robot.egg-info/top_level.txt
[0.761s] writing manifest file 'mujoco_go2_robot.egg-info/SOURCES.txt'
[0.762s] reading manifest file 'mujoco_go2_robot.egg-info/SOURCES.txt'
[0.763s] writing manifest file 'mujoco_go2_robot.egg-info/SOURCES.txt'
[0.763s] running build_ext
[0.764s] Creating /home/elijah/go2-convex-mpc/ros2_ws/install/mujoco_go2_robot/lib/python3.10/site-packages/mujoco-go2-robot.egg-link (link to .)
[0.764s] Installing mujoco_robot script to /home/elijah/go2-convex-mpc/ros2_ws/install/mujoco_go2_robot/lib/mujoco_go2_robot
[0.764s] 
[0.764s] Installed /home/elijah/go2-convex-mpc/ros2_ws/build/mujoco_go2_robot
[0.765s] running symlink_data
[0.765s] creating /home/elijah/go2-convex-mpc/ros2_ws/install/mujoco_go2_robot/share/ament_index
[0.765s] creating /home/elijah/go2-convex-mpc/ros2_ws/install/mujoco_go2_robot/share/ament_index/resource_index
[0.765s] creating /home/elijah/go2-convex-mpc/ros2_ws/install/mujoco_go2_robot/share/ament_index/resource_index/packages
[0.765s] symbolically linking /home/elijah/go2-convex-mpc/ros2_ws/build/mujoco_go2_robot/resource/mujoco_go2_robot -> /home/elijah/go2-convex-mpc/ros2_ws/install/mujoco_go2_robot/share/ament_index/resource_index/packages
[0.765s] symbolically linking /home/elijah/go2-convex-mpc/ros2_ws/build/mujoco_go2_robot/package.xml -> /home/elijah/go2-convex-mpc/ros2_ws/install/mujoco_go2_robot/share/mujoco_go2_robot
[0.796s] Invoked command in '/home/elijah/go2-convex-mpc/ros2_ws/build/mujoco_go2_robot' returned '0': PYTHONPATH=/home/elijah/go2-convex-mpc/ros2_ws/build/mujoco_go2_robot/prefix_override:/usr/lib/python3/dist-packages/colcon_core/task/python/colcon_distutils_commands:/home/elijah/go2-convex-mpc/ros2_ws/install/mujoco_go2_robot/lib/python3.10/site-packages:${PYTHONPATH} /usr/bin/python3 -W ignore:setup.py install is deprecated -W ignore:easy_install command is deprecated setup.py develop --editable --build-directory /home/elijah/go2-convex-mpc/ros2_ws/build/mujoco_go2_robot/build --no-deps symlink_data
