[0.072s] DEBUG:colcon:Command line arguments: ['/usr/bin/colcon', 'build', '--symlink-install']
[0.072s] DEBUG:colcon:Parsed command line arguments: Namespace(log_base=None, log_level=None, verb_name='build', build_base='build', install_base='install', merge_install=False, symlink_install=True, test_result_base=None, continue_on_error=False, executor='parallel', parallel_workers=16, event_handlers=None, ignore_user_meta=False, metas=['./colcon.meta'], base_paths=['.'], packages_ignore=None, packages_ignore_regex=None, paths=None, packages_up_to=None, packages_up_to_regex=None, packages_above=None, packages_above_and_dependencies=None, packages_above_depth=None, packages_select_by_dep=None, packages_skip_by_dep=None, packages_skip_up_to=None, packages_select_build_failed=False, packages_skip_build_finished=False, packages_select_test_failures=False, packages_skip_test_passed=False, packages_select=None, packages_skip=None, packages_select_regex=None, packages_skip_regex=None, packages_start=None, packages_end=None, allow_overriding=[], cmake_args=None, cmake_target=None, cmake_target_skip_unavailable=False, cmake_clean_cache=False, cmake_clean_first=False, cmake_force_configure=False, ament_cmake_args=None, catkin_cmake_args=None, catkin_skip_building_tests=False, verb_parser=<colcon_defaults.argument_parser.defaults.DefaultArgumentsDecorator object at 0x7e8ee1f337f0>, verb_extension=<colcon_core.verb.build.BuildVerb object at 0x7e8ee2078c40>, main=<bound method BuildVerb.main of <colcon_core.verb.build.BuildVerb object at 0x7e8ee2078c40>>)
[0.208s] Level 1:colcon.colcon_core.package_discovery:discover_packages(colcon_meta) check parameters
[0.208s] Level 1:colcon.colcon_core.package_discovery:discover_packages(recursive) check parameters
[0.208s] Level 1:colcon.colcon_core.package_discovery:discover_packages(ignore) check parameters
[0.208s] Level 1:colcon.colcon_core.package_discovery:discover_packages(path) check parameters
[0.208s] Level 1:colcon.colcon_core.package_discovery:discover_packages(colcon_meta) discover
[0.208s] Level 1:colcon.colcon_core.package_discovery:discover_packages(recursive) discover
[0.208s] INFO:colcon.colcon_core.package_discovery:Crawling recursively for packages in '/home/elijah/go2-convex-mpc/ros2_ws'
[0.208s] Level 1:colcon.colcon_core.package_identification:_identify(.) by extensions ['ignore', 'ignore_ament_install']
[0.208s] Level 1:colcon.colcon_core.package_identification:_identify(.) by extension 'ignore'
[0.208s] Level 1:colcon.colcon_core.package_identification:_identify(.) by extension 'ignore_ament_install'
[0.208s] Level 1:colcon.colcon_core.package_identification:_identify(.) by extensions ['colcon_pkg']
[0.208s] Level 1:colcon.colcon_core.package_identification:_identify(.) by extension 'colcon_pkg'
[0.208s] Level 1:colcon.colcon_core.package_identification:_identify(.) by extensions ['colcon_meta']
[0.208s] Level 1:colcon.colcon_core.package_identification:_identify(.) by extension 'colcon_meta'
[0.208s] Level 1:colcon.colcon_core.package_identification:_identify(.) by extensions ['ros']
[0.208s] Level 1:colcon.colcon_core.package_identification:_identify(.) by extension 'ros'
[0.216s] Level 1:colcon.colcon_core.package_identification:_identify(.) by extensions ['cmake', 'python']
[0.216s] Level 1:colcon.colcon_core.package_identification:_identify(.) by extension 'cmake'
[0.216s] Level 1:colcon.colcon_core.package_identification:_identify(.) by extension 'python'
[0.216s] Level 1:colcon.colcon_core.package_identification:_identify(.) by extensions ['python_setup_py']
[0.216s] Level 1:colcon.colcon_core.package_identification:_identify(.) by extension 'python_setup_py'
[0.216s] Level 1:colcon.colcon_core.package_identification:_identify(build) by extensions ['ignore', 'ignore_ament_install']
[0.216s] Level 1:colcon.colcon_core.package_identification:_identify(build) by extension 'ignore'
[0.216s] Level 1:colcon.colcon_core.package_identification:_identify(build) ignored
[0.216s] Level 1:colcon.colcon_core.package_identification:_identify(install) by extensions ['ignore', 'ignore_ament_install']
[0.217s] Level 1:colcon.colcon_core.package_identification:_identify(install) by extension 'ignore'
[0.217s] Level 1:colcon.colcon_core.package_identification:_identify(install) ignored
[0.217s] Level 1:colcon.colcon_core.package_identification:_identify(log) by extensions ['ignore', 'ignore_ament_install']
[0.217s] Level 1:colcon.colcon_core.package_identification:_identify(log) by extension 'ignore'
[0.217s] Level 1:colcon.colcon_core.package_identification:_identify(log) ignored
[0.217s] Level 1:colcon.colcon_core.package_identification:_identify(src) by extensions ['ignore', 'ignore_ament_install']
[0.217s] Level 1:colcon.colcon_core.package_identification:_identify(src) by extension 'ignore'
[0.217s] Level 1:colcon.colcon_core.package_identification:_identify(src) by extension 'ignore_ament_install'
[0.217s] Level 1:colcon.colcon_core.package_identification:_identify(src) by extensions ['colcon_pkg']
[0.217s] Level 1:colcon.colcon_core.package_identification:_identify(src) by extension 'colcon_pkg'
[0.217s] Level 1:colcon.colcon_core.package_identification:_identify(src) by extensions ['colcon_meta']
[0.217s] Level 1:colcon.colcon_core.package_identification:_identify(src) by extension 'colcon_meta'
[0.217s] Level 1:colcon.colcon_core.package_identification:_identify(src) by extensions ['ros']
[0.217s] Level 1:colcon.colcon_core.package_identification:_identify(src) by extension 'ros'
[0.217s] Level 1:colcon.colcon_core.package_identification:_identify(src) by extensions ['cmake', 'python']
[0.217s] Level 1:colcon.colcon_core.package_identification:_identify(src) by extension 'cmake'
[0.217s] Level 1:colcon.colcon_core.package_identification:_identify(src) by extension 'python'
[0.217s] Level 1:colcon.colcon_core.package_identification:_identify(src) by extensions ['python_setup_py']
[0.217s] Level 1:colcon.colcon_core.package_identification:_identify(src) by extension 'python_setup_py'
[0.217s] Level 1:colcon.colcon_core.package_identification:_identify(src/mujoco_go2_robot) by extensions ['ignore', 'ignore_ament_install']
[0.217s] Level 1:colcon.colcon_core.package_identification:_identify(src/mujoco_go2_robot) by extension 'ignore'
[0.217s] Level 1:colcon.colcon_core.package_identification:_identify(src/mujoco_go2_robot) by extension 'ignore_ament_install'
[0.218s] Level 1:colcon.colcon_core.package_identification:_identify(src/mujoco_go2_robot) by extensions ['colcon_pkg']
[0.218s] Level 1:colcon.colcon_core.package_identification:_identify(src/mujoco_go2_robot) by extension 'colcon_pkg'
[0.218s] Level 1:colcon.colcon_core.package_identification:_identify(src/mujoco_go2_robot) by extensions ['colcon_meta']
[0.218s] Level 1:colcon.colcon_core.package_identification:_identify(src/mujoco_go2_robot) by extension 'colcon_meta'
[0.218s] Level 1:colcon.colcon_core.package_identification:_identify(src/mujoco_go2_robot) by extensions ['ros']
[0.218s] Level 1:colcon.colcon_core.package_identification:_identify(src/mujoco_go2_robot) by extension 'ros'
[0.219s] DEBUG:colcon.colcon_core.package_identification:Package 'src/mujoco_go2_robot' with type 'ros.ament_python' and name 'mujoco_go2_robot'
[0.219s] Level 1:colcon.colcon_core.package_identification:_identify(src/unitree_ros2) by extensions ['ignore', 'ignore_ament_install']
[0.219s] Level 1:colcon.colcon_core.package_identification:_identify(src/unitree_ros2) by extension 'ignore'
[0.220s] Level 1:colcon.colcon_core.package_identification:_identify(src/unitree_ros2) by extension 'ignore_ament_install'
[0.220s] Level 1:colcon.colcon_core.package_identification:_identify(src/unitree_ros2) by extensions ['colcon_pkg']
[0.220s] Level 1:colcon.colcon_core.package_identification:_identify(src/unitree_ros2) by extension 'colcon_pkg'
[0.220s] Level 1:colcon.colcon_core.package_identification:_identify(src/unitree_ros2) by extensions ['colcon_meta']
[0.220s] Level 1:colcon.colcon_core.package_identification:_identify(src/unitree_ros2) by extension 'colcon_meta'
[0.220s] Level 1:colcon.colcon_core.package_identification:_identify(src/unitree_ros2) by extensions ['ros']
[0.220s] Level 1:colcon.colcon_core.package_identification:_identify(src/unitree_ros2) by extension 'ros'
[0.220s] Level 1:colcon.colcon_core.package_identification:_identify(src/unitree_ros2) by extensions ['cmake', 'python']
[0.220s] Level 1:colcon.colcon_core.package_identification:_identify(src/unitree_ros2) by extension 'cmake'
[0.220s] Level 1:colcon.colcon_core.package_identification:_identify(src/unitree_ros2) by extension 'python'
[0.220s] Level 1:colcon.colcon_core.package_identification:_identify(src/unitree_ros2) by extensions ['python_setup_py']
[0.220s] Level 1:colcon.colcon_core.package_identification:_identify(src/unitree_ros2) by extension 'python_setup_py'
[0.220s] Level 1:colcon.colcon_core.package_identification:_identify(src/unitree_ros2/cyclonedds_ws) by extensions ['ignore', 'ignore_ament_install']
[0.220s] Level 1:colcon.colcon_core.package_identification:_identify(src/unitree_ros2/cyclonedds_ws) by extension 'ignore'
[0.220s] Level 1:colcon.colcon_core.package_identification:_identify(src/unitree_ros2/cyclonedds_ws) by extension 'ignore_ament_install'
[0.220s] Level 1:colcon.colcon_core.package_identification:_identify(src/unitree_ros2/cyclonedds_ws) by extensions ['colcon_pkg']
[0.220s] Level 1:colcon.colcon_core.package_identification:_identify(src/unitree_ros2/cyclonedds_ws) by extension 'colcon_pkg'
[0.220s] Level 1:colcon.colcon_core.package_identification:_identify(src/unitree_ros2/cyclonedds_ws) by extensions ['colcon_meta']
[0.220s] Level 1:colcon.colcon_core.package_identification:_identify(src/unitree_ros2/cyclonedds_ws) by extension 'colcon_meta'
[0.220s] Level 1:colcon.colcon_core.package_identification:_identify(src/unitree_ros2/cyclonedds_ws) by extensions ['ros']
[0.220s] Level 1:colcon.colcon_core.package_identification:_identify(src/unitree_ros2/cyclonedds_ws) by extension 'ros'
[0.220s] Level 1:colcon.colcon_core.package_identification:_identify(src/unitree_ros2/cyclonedds_ws) by extensions ['cmake', 'python']
[0.220s] Level 1:colcon.colcon_core.package_identification:_identify(src/unitree_ros2/cyclonedds_ws) by extension 'cmake'
[0.220s] Level 1:colcon.colcon_core.package_identification:_identify(src/unitree_ros2/cyclonedds_ws) by extension 'python'
[0.220s] Level 1:colcon.colcon_core.package_identification:_identify(src/unitree_ros2/cyclonedds_ws) by extensions ['python_setup_py']
[0.220s] Level 1:colcon.colcon_core.package_identification:_identify(src/unitree_ros2/cyclonedds_ws) by extension 'python_setup_py'
[0.220s] Level 1:colcon.colcon_core.package_identification:_identify(src/unitree_ros2/cyclonedds_ws/src) by extensions ['ignore', 'ignore_ament_install']
[0.220s] Level 1:colcon.colcon_core.package_identification:_identify(src/unitree_ros2/cyclonedds_ws/src) by extension 'ignore'
[0.221s] Level 1:colcon.colcon_core.package_identification:_identify(src/unitree_ros2/cyclonedds_ws/src) by extension 'ignore_ament_install'
[0.221s] Level 1:colcon.colcon_core.package_identification:_identify(src/unitree_ros2/cyclonedds_ws/src) by extensions ['colcon_pkg']
[0.221s] Level 1:colcon.colcon_core.package_identification:_identify(src/unitree_ros2/cyclonedds_ws/src) by extension 'colcon_pkg'
[0.221s] Level 1:colcon.colcon_core.package_identification:_identify(src/unitree_ros2/cyclonedds_ws/src) by extensions ['colcon_meta']
[0.221s] Level 1:colcon.colcon_core.package_identification:_identify(src/unitree_ros2/cyclonedds_ws/src) by extension 'colcon_meta'
[0.221s] Level 1:colcon.colcon_core.package_identification:_identify(src/unitree_ros2/cyclonedds_ws/src) by extensions ['ros']
[0.221s] Level 1:colcon.colcon_core.package_identification:_identify(src/unitree_ros2/cyclonedds_ws/src) by extension 'ros'
[0.221s] Level 1:colcon.colcon_core.package_identification:_identify(src/unitree_ros2/cyclonedds_ws/src) by extensions ['cmake', 'python']
[0.221s] Level 1:colcon.colcon_core.package_identification:_identify(src/unitree_ros2/cyclonedds_ws/src) by extension 'cmake'
[0.221s] Level 1:colcon.colcon_core.package_identification:_identify(src/unitree_ros2/cyclonedds_ws/src) by extension 'python'
[0.221s] Level 1:colcon.colcon_core.package_identification:_identify(src/unitree_ros2/cyclonedds_ws/src) by extensions ['python_setup_py']
[0.221s] Level 1:colcon.colcon_core.package_identification:_identify(src/unitree_ros2/cyclonedds_ws/src) by extension 'python_setup_py'
[0.221s] Level 1:colcon.colcon_core.package_identification:_identify(src/unitree_ros2/cyclonedds_ws/src/unitree) by extensions ['ignore', 'ignore_ament_install']
[0.221s] Level 1:colcon.colcon_core.package_identification:_identify(src/unitree_ros2/cyclonedds_ws/src/unitree) by extension 'ignore'
[0.221s] Level 1:colcon.colcon_core.package_identification:_identify(src/unitree_ros2/cyclonedds_ws/src/unitree) by extension 'ignore_ament_install'
[0.221s] Level 1:colcon.colcon_core.package_identification:_identify(src/unitree_ros2/cyclonedds_ws/src/unitree) by extensions ['colcon_pkg']
[0.221s] Level 1:colcon.colcon_core.package_identification:_identify(src/unitree_ros2/cyclonedds_ws/src/unitree) by extension 'colcon_pkg'
[0.221s] Level 1:colcon.colcon_core.package_identification:_identify(src/unitree_ros2/cyclonedds_ws/src/unitree) by extensions ['colcon_meta']
[0.221s] Level 1:colcon.colcon_core.package_identification:_identify(src/unitree_ros2/cyclonedds_ws/src/unitree) by extension 'colcon_meta'
[0.221s] Level 1:colcon.colcon_core.package_identification:_identify(src/unitree_ros2/cyclonedds_ws/src/unitree) by extensions ['ros']
[0.221s] Level 1:colcon.colcon_core.package_identification:_identify(src/unitree_ros2/cyclonedds_ws/src/unitree) by extension 'ros'
[0.221s] Level 1:colcon.colcon_core.package_identification:_identify(src/unitree_ros2/cyclonedds_ws/src/unitree) by extensions ['cmake', 'python']
[0.221s] Level 1:colcon.colcon_core.package_identification:_identify(src/unitree_ros2/cyclonedds_ws/src/unitree) by extension 'cmake'
[0.221s] Level 1:colcon.colcon_core.package_identification:_identify(src/unitree_ros2/cyclonedds_ws/src/unitree) by extension 'python'
[0.221s] Level 1:colcon.colcon_core.package_identification:_identify(src/unitree_ros2/cyclonedds_ws/src/unitree) by extensions ['python_setup_py']
[0.221s] Level 1:colcon.colcon_core.package_identification:_identify(src/unitree_ros2/cyclonedds_ws/src/unitree) by extension 'python_setup_py'
[0.221s] Level 1:colcon.colcon_core.package_identification:_identify(src/unitree_ros2/cyclonedds_ws/src/unitree/unitree_api) by extensions ['ignore', 'ignore_ament_install']
[0.222s] Level 1:colcon.colcon_core.package_identification:_identify(src/unitree_ros2/cyclonedds_ws/src/unitree/unitree_api) by extension 'ignore'
[0.222s] Level 1:colcon.colcon_core.package_identification:_identify(src/unitree_ros2/cyclonedds_ws/src/unitree/unitree_api) by extension 'ignore_ament_install'
[0.222s] Level 1:colcon.colcon_core.package_identification:_identify(src/unitree_ros2/cyclonedds_ws/src/unitree/unitree_api) by extensions ['colcon_pkg']
[0.222s] Level 1:colcon.colcon_core.package_identification:_identify(src/unitree_ros2/cyclonedds_ws/src/unitree/unitree_api) by extension 'colcon_pkg'
[0.222s] Level 1:colcon.colcon_core.package_identification:_identify(src/unitree_ros2/cyclonedds_ws/src/unitree/unitree_api) by extensions ['colcon_meta']
[0.222s] Level 1:colcon.colcon_core.package_identification:_identify(src/unitree_ros2/cyclonedds_ws/src/unitree/unitree_api) by extension 'colcon_meta'
[0.222s] Level 1:colcon.colcon_core.package_identification:_identify(src/unitree_ros2/cyclonedds_ws/src/unitree/unitree_api) by extensions ['ros']
[0.222s] Level 1:colcon.colcon_core.package_identification:_identify(src/unitree_ros2/cyclonedds_ws/src/unitree/unitree_api) by extension 'ros'
[0.222s] DEBUG:colcon.colcon_core.package_identification:Package 'src/unitree_ros2/cyclonedds_ws/src/unitree/unitree_api' with type 'ros.ament_cmake' and name 'unitree_api'
[0.222s] Level 1:colcon.colcon_core.package_identification:_identify(src/unitree_ros2/cyclonedds_ws/src/unitree/unitree_go) by extensions ['ignore', 'ignore_ament_install']
[0.222s] Level 1:colcon.colcon_core.package_identification:_identify(src/unitree_ros2/cyclonedds_ws/src/unitree/unitree_go) by extension 'ignore'
[0.222s] Level 1:colcon.colcon_core.package_identification:_identify(src/unitree_ros2/cyclonedds_ws/src/unitree/unitree_go) by extension 'ignore_ament_install'
[0.222s] Level 1:colcon.colcon_core.package_identification:_identify(src/unitree_ros2/cyclonedds_ws/src/unitree/unitree_go) by extensions ['colcon_pkg']
[0.222s] Level 1:colcon.colcon_core.package_identification:_identify(src/unitree_ros2/cyclonedds_ws/src/unitree/unitree_go) by extension 'colcon_pkg'
[0.222s] Level 1:colcon.colcon_core.package_identification:_identify(src/unitree_ros2/cyclonedds_ws/src/unitree/unitree_go) by extensions ['colcon_meta']
[0.223s] Level 1:colcon.colcon_core.package_identification:_identify(src/unitree_ros2/cyclonedds_ws/src/unitree/unitree_go) by extension 'colcon_meta'
[0.223s] Level 1:colcon.colcon_core.package_identification:_identify(src/unitree_ros2/cyclonedds_ws/src/unitree/unitree_go) by extensions ['ros']
[0.223s] Level 1:colcon.colcon_core.package_identification:_identify(src/unitree_ros2/cyclonedds_ws/src/unitree/unitree_go) by extension 'ros'
[0.223s] DEBUG:colcon.colcon_core.package_identification:Package 'src/unitree_ros2/cyclonedds_ws/src/unitree/unitree_go' with type 'ros.ament_cmake' and name 'unitree_go'
[0.223s] Level 1:colcon.colcon_core.package_identification:_identify(src/unitree_ros2/cyclonedds_ws/src/unitree/unitree_hg) by extensions ['ignore', 'ignore_ament_install']
[0.223s] Level 1:colcon.colcon_core.package_identification:_identify(src/unitree_ros2/cyclonedds_ws/src/unitree/unitree_hg) by extension 'ignore'
[0.223s] Level 1:colcon.colcon_core.package_identification:_identify(src/unitree_ros2/cyclonedds_ws/src/unitree/unitree_hg) by extension 'ignore_ament_install'
[0.223s] Level 1:colcon.colcon_core.package_identification:_identify(src/unitree_ros2/cyclonedds_ws/src/unitree/unitree_hg) by extensions ['colcon_pkg']
[0.223s] Level 1:colcon.colcon_core.package_identification:_identify(src/unitree_ros2/cyclonedds_ws/src/unitree/unitree_hg) by extension 'colcon_pkg'
[0.223s] Level 1:colcon.colcon_core.package_identification:_identify(src/unitree_ros2/cyclonedds_ws/src/unitree/unitree_hg) by extensions ['colcon_meta']
[0.223s] Level 1:colcon.colcon_core.package_identification:_identify(src/unitree_ros2/cyclonedds_ws/src/unitree/unitree_hg) by extension 'colcon_meta'
[0.223s] Level 1:colcon.colcon_core.package_identification:_identify(src/unitree_ros2/cyclonedds_ws/src/unitree/unitree_hg) by extensions ['ros']
[0.223s] Level 1:colcon.colcon_core.package_identification:_identify(src/unitree_ros2/cyclonedds_ws/src/unitree/unitree_hg) by extension 'ros'
[0.224s] DEBUG:colcon.colcon_core.package_identification:Package 'src/unitree_ros2/cyclonedds_ws/src/unitree/unitree_hg' with type 'ros.ament_cmake' and name 'unitree_hg'
[0.224s] Level 1:colcon.colcon_core.package_identification:_identify(src/unitree_ros2/docs) by extensions ['ignore', 'ignore_ament_install']
[0.224s] Level 1:colcon.colcon_core.package_identification:_identify(src/unitree_ros2/docs) by extension 'ignore'
[0.224s] Level 1:colcon.colcon_core.package_identification:_identify(src/unitree_ros2/docs) by extension 'ignore_ament_install'
[0.224s] Level 1:colcon.colcon_core.package_identification:_identify(src/unitree_ros2/docs) by extensions ['colcon_pkg']
[0.224s] Level 1:colcon.colcon_core.package_identification:_identify(src/unitree_ros2/docs) by extension 'colcon_pkg'
[0.224s] Level 1:colcon.colcon_core.package_identification:_identify(src/unitree_ros2/docs) by extensions ['colcon_meta']
[0.224s] Level 1:colcon.colcon_core.package_identification:_identify(src/unitree_ros2/docs) by extension 'colcon_meta'
[0.224s] Level 1:colcon.colcon_core.package_identification:_identify(src/unitree_ros2/docs) by extensions ['ros']
[0.224s] Level 1:colcon.colcon_core.package_identification:_identify(src/unitree_ros2/docs) by extension 'ros'
[0.224s] Level 1:colcon.colcon_core.package_identification:_identify(src/unitree_ros2/docs) by extensions ['cmake', 'python']
[0.224s] Level 1:colcon.colcon_core.package_identification:_identify(src/unitree_ros2/docs) by extension 'cmake'
[0.224s] Level 1:colcon.colcon_core.package_identification:_identify(src/unitree_ros2/docs) by extension 'python'
[0.224s] Level 1:colcon.colcon_core.package_identification:_identify(src/unitree_ros2/docs) by extensions ['python_setup_py']
[0.224s] Level 1:colcon.colcon_core.package_identification:_identify(src/unitree_ros2/docs) by extension 'python_setup_py'
[0.224s] Level 1:colcon.colcon_core.package_identification:_identify(src/unitree_ros2/docs/image) by extensions ['ignore', 'ignore_ament_install']
[0.224s] Level 1:colcon.colcon_core.package_identification:_identify(src/unitree_ros2/docs/image) by extension 'ignore'
[0.224s] Level 1:colcon.colcon_core.package_identification:_identify(src/unitree_ros2/docs/image) by extension 'ignore_ament_install'
[0.225s] Level 1:colcon.colcon_core.package_identification:_identify(src/unitree_ros2/docs/image) by extensions ['colcon_pkg']
[0.225s] Level 1:colcon.colcon_core.package_identification:_identify(src/unitree_ros2/docs/image) by extension 'colcon_pkg'
[0.225s] Level 1:colcon.colcon_core.package_identification:_identify(src/unitree_ros2/docs/image) by extensions ['colcon_meta']
[0.225s] Level 1:colcon.colcon_core.package_identification:_identify(src/unitree_ros2/docs/image) by extension 'colcon_meta'
[0.225s] Level 1:colcon.colcon_core.package_identification:_identify(src/unitree_ros2/docs/image) by extensions ['ros']
[0.225s] Level 1:colcon.colcon_core.package_identification:_identify(src/unitree_ros2/docs/image) by extension 'ros'
[0.225s] Level 1:colcon.colcon_core.package_identification:_identify(src/unitree_ros2/docs/image) by extensions ['cmake', 'python']
[0.225s] Level 1:colcon.colcon_core.package_identification:_identify(src/unitree_ros2/docs/image) by extension 'cmake'
[0.225s] Level 1:colcon.colcon_core.package_identification:_identify(src/unitree_ros2/docs/image) by extension 'python'
[0.225s] Level 1:colcon.colcon_core.package_identification:_identify(src/unitree_ros2/docs/image) by extensions ['python_setup_py']
[0.225s] Level 1:colcon.colcon_core.package_identification:_identify(src/unitree_ros2/docs/image) by extension 'python_setup_py'
[0.225s] Level 1:colcon.colcon_core.package_identification:_identify(src/unitree_ros2/example) by extensions ['ignore', 'ignore_ament_install']
[0.225s] Level 1:colcon.colcon_core.package_identification:_identify(src/unitree_ros2/example) by extension 'ignore'
[0.225s] Level 1:colcon.colcon_core.package_identification:_identify(src/unitree_ros2/example) by extension 'ignore_ament_install'
[0.225s] Level 1:colcon.colcon_core.package_identification:_identify(src/unitree_ros2/example) by extensions ['colcon_pkg']
[0.225s] Level 1:colcon.colcon_core.package_identification:_identify(src/unitree_ros2/example) by extension 'colcon_pkg'
[0.225s] Level 1:colcon.colcon_core.package_identification:_identify(src/unitree_ros2/example) by extensions ['colcon_meta']
[0.225s] Level 1:colcon.colcon_core.package_identification:_identify(src/unitree_ros2/example) by extension 'colcon_meta'
[0.225s] Level 1:colcon.colcon_core.package_identification:_identify(src/unitree_ros2/example) by extensions ['ros']
[0.225s] Level 1:colcon.colcon_core.package_identification:_identify(src/unitree_ros2/example) by extension 'ros'
[0.225s] Level 1:colcon.colcon_core.package_identification:_identify(src/unitree_ros2/example) by extensions ['cmake', 'python']
[0.225s] Level 1:colcon.colcon_core.package_identification:_identify(src/unitree_ros2/example) by extension 'cmake'
[0.225s] Level 1:colcon.colcon_core.package_identification:_identify(src/unitree_ros2/example) by extension 'python'
[0.225s] Level 1:colcon.colcon_core.package_identification:_identify(src/unitree_ros2/example) by extensions ['python_setup_py']
[0.225s] Level 1:colcon.colcon_core.package_identification:_identify(src/unitree_ros2/example) by extension 'python_setup_py'
[0.225s] Level 1:colcon.colcon_core.package_identification:_identify(src/unitree_ros2/example/src) by extensions ['ignore', 'ignore_ament_install']
[0.225s] Level 1:colcon.colcon_core.package_identification:_identify(src/unitree_ros2/example/src) by extension 'ignore'
[0.225s] Level 1:colcon.colcon_core.package_identification:_identify(src/unitree_ros2/example/src) by extension 'ignore_ament_install'
[0.226s] Level 1:colcon.colcon_core.package_identification:_identify(src/unitree_ros2/example/src) by extensions ['colcon_pkg']
[0.226s] Level 1:colcon.colcon_core.package_identification:_identify(src/unitree_ros2/example/src) by extension 'colcon_pkg'
[0.226s] Level 1:colcon.colcon_core.package_identification:_identify(src/unitree_ros2/example/src) by extensions ['colcon_meta']
[0.226s] Level 1:colcon.colcon_core.package_identification:_identify(src/unitree_ros2/example/src) by extension 'colcon_meta'
[0.226s] Level 1:colcon.colcon_core.package_identification:_identify(src/unitree_ros2/example/src) by extensions ['ros']
[0.226s] Level 1:colcon.colcon_core.package_identification:_identify(src/unitree_ros2/example/src) by extension 'ros'
[0.226s] DEBUG:colcon.colcon_core.package_identification:Package 'src/unitree_ros2/example/src' with type 'ros.ament_cmake' and name 'unitree_ros2_example'
[0.226s] Level 1:colcon.colcon_core.package_discovery:discover_packages(recursive) using defaults
[0.226s] Level 1:colcon.colcon_core.package_discovery:discover_packages(ignore) discover
[0.226s] Level 1:colcon.colcon_core.package_discovery:discover_packages(ignore) using defaults
[0.226s] Level 1:colcon.colcon_core.package_discovery:discover_packages(path) discover
[0.226s] Level 1:colcon.colcon_core.package_discovery:discover_packages(path) using defaults
[0.248s] Level 1:colcon.colcon_core.package_discovery:discover_packages(prefix_path) check parameters
[0.249s] Level 1:colcon.colcon_core.package_discovery:discover_packages(prefix_path) discover
[0.250s] DEBUG:colcon.colcon_installed_package_information.package_discovery:Found 289 installed packages in /opt/ros/humble
[0.251s] Level 1:colcon.colcon_core.package_discovery:discover_packages(prefix_path) using defaults
[0.277s] Level 5:colcon.colcon_core.verb:set package 'mujoco_go2_robot' build argument 'cmake_args' from command line to 'None'
[0.277s] Level 5:colcon.colcon_core.verb:set package 'mujoco_go2_robot' build argument 'cmake_target' from command line to 'None'
[0.277s] Level 5:colcon.colcon_core.verb:set package 'mujoco_go2_robot' build argument 'cmake_target_skip_unavailable' from command line to 'False'
[0.277s] Level 5:colcon.colcon_core.verb:set package 'mujoco_go2_robot' build argument 'cmake_clean_cache' from command line to 'False'
[0.277s] Level 5:colcon.colcon_core.verb:set package 'mujoco_go2_robot' build argument 'cmake_clean_first' from command line to 'False'
[0.277s] Level 5:colcon.colcon_core.verb:set package 'mujoco_go2_robot' build argument 'cmake_force_configure' from command line to 'False'
[0.277s] Level 5:colcon.colcon_core.verb:set package 'mujoco_go2_robot' build argument 'ament_cmake_args' from command line to 'None'
[0.277s] Level 5:colcon.colcon_core.verb:set package 'mujoco_go2_robot' build argument 'catkin_cmake_args' from command line to 'None'
[0.277s] Level 5:colcon.colcon_core.verb:set package 'mujoco_go2_robot' build argument 'catkin_skip_building_tests' from command line to 'False'
[0.277s] DEBUG:colcon.colcon_core.verb:Building package 'mujoco_go2_robot' with the following arguments: {'ament_cmake_args': None, 'build_base': '/home/elijah/go2-convex-mpc/ros2_ws/build/mujoco_go2_robot', 'catkin_cmake_args': None, 'catkin_skip_building_tests': False, 'cmake_args': None, 'cmake_clean_cache': False, 'cmake_clean_first': False, 'cmake_force_configure': False, 'cmake_target': None, 'cmake_target_skip_unavailable': False, 'install_base': '/home/elijah/go2-convex-mpc/ros2_ws/install/mujoco_go2_robot', 'merge_install': False, 'path': '/home/elijah/go2-convex-mpc/ros2_ws/src/mujoco_go2_robot', 'symlink_install': True, 'test_result_base': None}
[0.278s] Level 5:colcon.colcon_core.verb:set package 'unitree_api' build argument 'cmake_args' from command line to 'None'
[0.278s] Level 5:colcon.colcon_core.verb:set package 'unitree_api' build argument 'cmake_target' from command line to 'None'
[0.278s] Level 5:colcon.colcon_core.verb:set package 'unitree_api' build argument 'cmake_target_skip_unavailable' from command line to 'False'
[0.278s] Level 5:colcon.colcon_core.verb:set package 'unitree_api' build argument 'cmake_clean_cache' from command line to 'False'
[0.278s] Level 5:colcon.colcon_core.verb:set package 'unitree_api' build argument 'cmake_clean_first' from command line to 'False'
[0.278s] Level 5:colcon.colcon_core.verb:set package 'unitree_api' build argument 'cmake_force_configure' from command line to 'False'
[0.278s] Level 5:colcon.colcon_core.verb:set package 'unitree_api' build argument 'ament_cmake_args' from command line to 'None'
[0.278s] Level 5:colcon.colcon_core.verb:set package 'unitree_api' build argument 'catkin_cmake_args' from command line to 'None'
[0.278s] Level 5:colcon.colcon_core.verb:set package 'unitree_api' build argument 'catkin_skip_building_tests' from command line to 'False'
[0.278s] DEBUG:colcon.colcon_core.verb:Building package 'unitree_api' with the following arguments: {'ament_cmake_args': None, 'build_base': '/home/elijah/go2-convex-mpc/ros2_ws/build/unitree_api', 'catkin_cmake_args': None, 'catkin_skip_building_tests': False, 'cmake_args': None, 'cmake_clean_cache': False, 'cmake_clean_first': False, 'cmake_force_configure': False, 'cmake_target': None, 'cmake_target_skip_unavailable': False, 'install_base': '/home/elijah/go2-convex-mpc/ros2_ws/install/unitree_api', 'merge_install': False, 'path': '/home/elijah/go2-convex-mpc/ros2_ws/src/unitree_ros2/cyclonedds_ws/src/unitree/unitree_api', 'symlink_install': True, 'test_result_base': None}
[0.278s] Level 5:colcon.colcon_core.verb:set package 'unitree_go' build argument 'cmake_args' from command line to 'None'
[0.278s] Level 5:colcon.colcon_core.verb:set package 'unitree_go' build argument 'cmake_target' from command line to 'None'
[0.278s] Level 5:colcon.colcon_core.verb:set package 'unitree_go' build argument 'cmake_target_skip_unavailable' from command line to 'False'
[0.278s] Level 5:colcon.colcon_core.verb:set package 'unitree_go' build argument 'cmake_clean_cache' from command line to 'False'
[0.278s] Level 5:colcon.colcon_core.verb:set package 'unitree_go' build argument 'cmake_clean_first' from command line to 'False'
[0.278s] Level 5:colcon.colcon_core.verb:set package 'unitree_go' build argument 'cmake_force_configure' from command line to 'False'
[0.278s] Level 5:colcon.colcon_core.verb:set package 'unitree_go' build argument 'ament_cmake_args' from command line to 'None'
[0.278s] Level 5:colcon.colcon_core.verb:set package 'unitree_go' build argument 'catkin_cmake_args' from command line to 'None'
[0.278s] Level 5:colcon.colcon_core.verb:set package 'unitree_go' build argument 'catkin_skip_building_tests' from command line to 'False'
[0.278s] DEBUG:colcon.colcon_core.verb:Building package 'unitree_go' with the following arguments: {'ament_cmake_args': None, 'build_base': '/home/elijah/go2-convex-mpc/ros2_ws/build/unitree_go', 'catkin_cmake_args': None, 'catkin_skip_building_tests': False, 'cmake_args': None, 'cmake_clean_cache': False, 'cmake_clean_first': False, 'cmake_force_configure': False, 'cmake_target': None, 'cmake_target_skip_unavailable': False, 'install_base': '/home/elijah/go2-convex-mpc/ros2_ws/install/unitree_go', 'merge_install': False, 'path': '/home/elijah/go2-convex-mpc/ros2_ws/src/unitree_ros2/cyclonedds_ws/src/unitree/unitree_go', 'symlink_install': True, 'test_result_base': None}
[0.278s] Level 5:colcon.colcon_core.verb:set package 'unitree_hg' build argument 'cmake_args' from command line to 'None'
[0.278s] Level 5:colcon.colcon_core.verb:set package 'unitree_hg' build argument 'cmake_target' from command line to 'None'
[0.278s] Level 5:colcon.colcon_core.verb:set package 'unitree_hg' build argument 'cmake_target_skip_unavailable' from command line to 'False'
[0.278s] Level 5:colcon.colcon_core.verb:set package 'unitree_hg' build argument 'cmake_clean_cache' from command line to 'False'
[0.278s] Level 5:colcon.colcon_core.verb:set package 'unitree_hg' build argument 'cmake_clean_first' from command line to 'False'
[0.278s] Level 5:colcon.colcon_core.verb:set package 'unitree_hg' build argument 'cmake_force_configure' from command line to 'False'
[0.278s] Level 5:colcon.colcon_core.verb:set package 'unitree_hg' build argument 'ament_cmake_args' from command line to 'None'
[0.278s] Level 5:colcon.colcon_core.verb:set package 'unitree_hg' build argument 'catkin_cmake_args' from command line to 'None'
[0.278s] Level 5:colcon.colcon_core.verb:set package 'unitree_hg' build argument 'catkin_skip_building_tests' from command line to 'False'
[0.279s] DEBUG:colcon.colcon_core.verb:Building package 'unitree_hg' with the following arguments: {'ament_cmake_args': None, 'build_base': '/home/elijah/go2-convex-mpc/ros2_ws/build/unitree_hg', 'catkin_cmake_args': None, 'catkin_skip_building_tests': False, 'cmake_args': None, 'cmake_clean_cache': False, 'cmake_clean_first': False, 'cmake_force_configure': False, 'cmake_target': None, 'cmake_target_skip_unavailable': False, 'install_base': '/home/elijah/go2-convex-mpc/ros2_ws/install/unitree_hg', 'merge_install': False, 'path': '/home/elijah/go2-convex-mpc/ros2_ws/src/unitree_ros2/cyclonedds_ws/src/unitree/unitree_hg', 'symlink_install': True, 'test_result_base': None}
[0.279s] Level 5:colcon.colcon_core.verb:set package 'unitree_ros2_example' build argument 'cmake_args' from command line to 'None'
[0.279s] Level 5:colcon.colcon_core.verb:set package 'unitree_ros2_example' build argument 'cmake_target' from command line to 'None'
[0.279s] Level 5:colcon.colcon_core.verb:set package 'unitree_ros2_example' build argument 'cmake_target_skip_unavailable' from command line to 'False'
[0.279s] Level 5:colcon.colcon_core.verb:set package 'unitree_ros2_example' build argument 'cmake_clean_cache' from command line to 'False'
[0.279s] Level 5:colcon.colcon_core.verb:set package 'unitree_ros2_example' build argument 'cmake_clean_first' from command line to 'False'
[0.279s] Level 5:colcon.colcon_core.verb:set package 'unitree_ros2_example' build argument 'cmake_force_configure' from command line to 'False'
[0.279s] Level 5:colcon.colcon_core.verb:set package 'unitree_ros2_example' build argument 'ament_cmake_args' from command line to 'None'
[0.279s] Level 5:colcon.colcon_core.verb:set package 'unitree_ros2_example' build argument 'catkin_cmake_args' from command line to 'None'
[0.279s] Level 5:colcon.colcon_core.verb:set package 'unitree_ros2_example' build argument 'catkin_skip_building_tests' from command line to 'False'
[0.279s] DEBUG:colcon.colcon_core.verb:Building package 'unitree_ros2_example' with the following arguments: {'ament_cmake_args': None, 'build_base': '/home/elijah/go2-convex-mpc/ros2_ws/build/unitree_ros2_example', 'catkin_cmake_args': None, 'catkin_skip_building_tests': False, 'cmake_args': None, 'cmake_clean_cache': False, 'cmake_clean_first': False, 'cmake_force_configure': False, 'cmake_target': None, 'cmake_target_skip_unavailable': False, 'install_base': '/home/elijah/go2-convex-mpc/ros2_ws/install/unitree_ros2_example', 'merge_install': False, 'path': '/home/elijah/go2-convex-mpc/ros2_ws/src/unitree_ros2/example/src', 'symlink_install': True, 'test_result_base': None}
[0.279s] INFO:colcon.colcon_core.executor:Executing jobs using 'parallel' executor
[0.280s] DEBUG:colcon.colcon_parallel_executor.executor.parallel:run_until_complete
[0.280s] INFO:colcon.colcon_ros.task.ament_cmake.build:Building ROS package in '/home/elijah/go2-convex-mpc/ros2_ws/src/unitree_ros2/cyclonedds_ws/src/unitree/unitree_api' with build type 'ament_cmake'
[0.281s] INFO:colcon.colcon_cmake.task.cmake.build:Building CMake package in '/home/elijah/go2-convex-mpc/ros2_ws/src/unitree_ros2/cyclonedds_ws/src/unitree/unitree_api'
[0.282s] INFO:colcon.colcon_core.plugin_system:Skipping extension 'colcon_core.shell.bat': Not used on non-Windows systems
[0.282s] INFO:colcon.colcon_core.shell:Skip shell extension 'powershell' for command environment: Not usable outside of PowerShell
[0.282s] DEBUG:colcon.colcon_core.shell:Skip shell extension 'dsv' for command environment
[0.284s] INFO:colcon.colcon_ros.task.ament_cmake.build:Building ROS package in '/home/elijah/go2-convex-mpc/ros2_ws/src/unitree_ros2/cyclonedds_ws/src/unitree/unitree_go' with build type 'ament_cmake'
[0.284s] INFO:colcon.colcon_cmake.task.cmake.build:Building CMake package in '/home/elijah/go2-convex-mpc/ros2_ws/src/unitree_ros2/cyclonedds_ws/src/unitree/unitree_go'
[0.284s] INFO:colcon.colcon_core.shell:Skip shell extension 'powershell' for command environment: Not usable outside of PowerShell
[0.284s] DEBUG:colcon.colcon_core.shell:Skip shell extension 'dsv' for command environment
[0.286s] INFO:colcon.colcon_ros.task.ament_cmake.build:Building ROS package in '/home/elijah/go2-convex-mpc/ros2_ws/src/unitree_ros2/cyclonedds_ws/src/unitree/unitree_hg' with build type 'ament_cmake'
[0.286s] INFO:colcon.colcon_cmake.task.cmake.build:Building CMake package in '/home/elijah/go2-convex-mpc/ros2_ws/src/unitree_ros2/cyclonedds_ws/src/unitree/unitree_hg'
[0.287s] INFO:colcon.colcon_core.shell:Skip shell extension 'powershell' for command environment: Not usable outside of PowerShell
[0.287s] DEBUG:colcon.colcon_core.shell:Skip shell extension 'dsv' for command environment
[0.288s] INFO:colcon.colcon_ros.task.ament_python.build:Building ROS package in '/home/elijah/go2-convex-mpc/ros2_ws/src/mujoco_go2_robot' with build type 'ament_python'
[0.289s] Level 1:colcon.colcon_core.shell:create_environment_hook('mujoco_go2_robot', 'ament_prefix_path')
[0.289s] INFO:colcon.colcon_core.shell:Creating environment hook '/home/elijah/go2-convex-mpc/ros2_ws/install/mujoco_go2_robot/share/mujoco_go2_robot/hook/ament_prefix_path.ps1'
[0.289s] INFO:colcon.colcon_core.shell:Creating environment descriptor '/home/elijah/go2-convex-mpc/ros2_ws/install/mujoco_go2_robot/share/mujoco_go2_robot/hook/ament_prefix_path.dsv'
[0.289s] INFO:colcon.colcon_core.shell:Creating environment hook '/home/elijah/go2-convex-mpc/ros2_ws/install/mujoco_go2_robot/share/mujoco_go2_robot/hook/ament_prefix_path.sh'
[0.290s] INFO:colcon.colcon_core.shell:Skip shell extension 'powershell' for command environment: Not usable outside of PowerShell
[0.290s] DEBUG:colcon.colcon_core.shell:Skip shell extension 'dsv' for command environment
[0.296s] DEBUG:colcon.colcon_core.event_handler.log_command:Invoking command in '/home/elijah/go2-convex-mpc/ros2_ws/build/unitree_api': CMAKE_PREFIX_PATH=/opt/ros/humble /usr/bin/cmake /home/elijah/go2-convex-mpc/ros2_ws/src/unitree_ros2/cyclonedds_ws/src/unitree/unitree_api -DAMENT_CMAKE_SYMLINK_INSTALL=1 -DCMAKE_INSTALL_PREFIX=/home/elijah/go2-convex-mpc/ros2_ws/install/unitree_api
[0.297s] DEBUG:colcon.colcon_core.event_handler.log_command:Invoking command in '/home/elijah/go2-convex-mpc/ros2_ws/build/unitree_go': CMAKE_PREFIX_PATH=/opt/ros/humble /usr/bin/cmake /home/elijah/go2-convex-mpc/ros2_ws/src/unitree_ros2/cyclonedds_ws/src/unitree/unitree_go -DAMENT_CMAKE_SYMLINK_INSTALL=1 -DCMAKE_INSTALL_PREFIX=/home/elijah/go2-convex-mpc/ros2_ws/install/unitree_go
[0.299s] DEBUG:colcon.colcon_core.event_handler.log_command:Invoking command in '/home/elijah/go2-convex-mpc/ros2_ws/build/unitree_hg': CMAKE_PREFIX_PATH=/opt/ros/humble /usr/bin/cmake /home/elijah/go2-convex-mpc/ros2_ws/src/unitree_ros2/cyclonedds_ws/src/unitree/unitree_hg -DAMENT_CMAKE_SYMLINK_INSTALL=1 -DCMAKE_INSTALL_PREFIX=/home/elijah/go2-convex-mpc/ros2_ws/install/unitree_hg
[0.497s] INFO:colcon.colcon_core.task.python.build:Building Python package in '/home/elijah/go2-convex-mpc/ros2_ws/src/mujoco_go2_robot'
[0.497s] INFO:colcon.colcon_core.shell:Skip shell extension 'powershell' for command environment: Not usable outside of PowerShell
[0.498s] DEBUG:colcon.colcon_core.shell:Skip shell extension 'dsv' for command environment
[0.742s] DEBUG:colcon.colcon_core.event_handler.log_command:Invoking command in '/home/elijah/go2-convex-mpc/ros2_ws/build/mujoco_go2_robot': PYTHONPATH=/home/elijah/go2-convex-mpc/ros2_ws/build/mujoco_go2_robot/prefix_override:/usr/lib/python3/dist-packages/colcon_core/task/python/colcon_distutils_commands:/home/elijah/go2-convex-mpc/ros2_ws/install/mujoco_go2_robot/lib/python3.10/site-packages:${PYTHONPATH} /usr/bin/python3 -W ignore:setup.py install is deprecated -W ignore:easy_install command is deprecated setup.py develop --editable --build-directory /home/elijah/go2-convex-mpc/ros2_ws/build/mujoco_go2_robot/build --no-deps symlink_data
[1.084s] Level 1:colcon.colcon_core.shell:create_environment_hook('mujoco_go2_robot', 'pythonpath_develop')
[1.085s] INFO:colcon.colcon_core.shell:Creating environment hook '/home/elijah/go2-convex-mpc/ros2_ws/build/mujoco_go2_robot/share/mujoco_go2_robot/hook/pythonpath_develop.ps1'
[1.085s] DEBUG:colcon.colcon_core.event_handler.log_command:Invoked command in '/home/elijah/go2-convex-mpc/ros2_ws/build/mujoco_go2_robot' returned '0': PYTHONPATH=/home/elijah/go2-convex-mpc/ros2_ws/build/mujoco_go2_robot/prefix_override:/usr/lib/python3/dist-packages/colcon_core/task/python/colcon_distutils_commands:/home/elijah/go2-convex-mpc/ros2_ws/install/mujoco_go2_robot/lib/python3.10/site-packages:${PYTHONPATH} /usr/bin/python3 -W ignore:setup.py install is deprecated -W ignore:easy_install command is deprecated setup.py develop --editable --build-directory /home/elijah/go2-convex-mpc/ros2_ws/build/mujoco_go2_robot/build --no-deps symlink_data
[1.085s] INFO:colcon.colcon_core.shell:Creating environment descriptor '/home/elijah/go2-convex-mpc/ros2_ws/build/mujoco_go2_robot/share/mujoco_go2_robot/hook/pythonpath_develop.dsv'
[1.086s] INFO:colcon.colcon_core.shell:Creating environment hook '/home/elijah/go2-convex-mpc/ros2_ws/build/mujoco_go2_robot/share/mujoco_go2_robot/hook/pythonpath_develop.sh'
[1.088s] Level 1:colcon.colcon_core.environment:checking '/home/elijah/go2-convex-mpc/ros2_ws/install/mujoco_go2_robot' for CMake module files
[1.088s] Level 1:colcon.colcon_core.environment:checking '/home/elijah/go2-convex-mpc/ros2_ws/install/mujoco_go2_robot' for CMake config files
[1.089s] Level 1:colcon.colcon_core.environment:checking '/home/elijah/go2-convex-mpc/ros2_ws/install/mujoco_go2_robot/lib'
[1.089s] Level 1:colcon.colcon_core.environment:checking '/home/elijah/go2-convex-mpc/ros2_ws/install/mujoco_go2_robot/bin'
[1.089s] Level 1:colcon.colcon_core.environment:checking '/home/elijah/go2-convex-mpc/ros2_ws/install/mujoco_go2_robot/lib/pkgconfig/mujoco_go2_robot.pc'
[1.089s] Level 1:colcon.colcon_core.environment:checking '/home/elijah/go2-convex-mpc/ros2_ws/install/mujoco_go2_robot/lib/python3.10/site-packages'
[1.089s] Level 1:colcon.colcon_core.shell:create_environment_hook('mujoco_go2_robot', 'pythonpath')
[1.089s] INFO:colcon.colcon_core.shell:Creating environment hook '/home/elijah/go2-convex-mpc/ros2_ws/install/mujoco_go2_robot/share/mujoco_go2_robot/hook/pythonpath.ps1'
[1.090s] INFO:colcon.colcon_core.shell:Creating environment descriptor '/home/elijah/go2-convex-mpc/ros2_ws/install/mujoco_go2_robot/share/mujoco_go2_robot/hook/pythonpath.dsv'
[1.090s] INFO:colcon.colcon_core.shell:Creating environment hook '/home/elijah/go2-convex-mpc/ros2_ws/install/mujoco_go2_robot/share/mujoco_go2_robot/hook/pythonpath.sh'
[1.090s] Level 1:colcon.colcon_core.environment:checking '/home/elijah/go2-convex-mpc/ros2_ws/install/mujoco_go2_robot/bin'
[1.090s] Level 1:colcon.colcon_core.environment:create_environment_scripts_only(mujoco_go2_robot)
[1.091s] INFO:colcon.colcon_core.shell:Creating package script '/home/elijah/go2-convex-mpc/ros2_ws/install/mujoco_go2_robot/share/mujoco_go2_robot/package.ps1'
[1.091s] INFO:colcon.colcon_core.shell:Creating package descriptor '/home/elijah/go2-convex-mpc/ros2_ws/install/mujoco_go2_robot/share/mujoco_go2_robot/package.dsv'
[1.092s] INFO:colcon.colcon_core.shell:Creating package script '/home/elijah/go2-convex-mpc/ros2_ws/install/mujoco_go2_robot/share/mujoco_go2_robot/package.sh'
[1.092s] INFO:colcon.colcon_core.shell:Creating package script '/home/elijah/go2-convex-mpc/ros2_ws/install/mujoco_go2_robot/share/mujoco_go2_robot/package.bash'
[1.093s] INFO:colcon.colcon_core.shell:Creating package script '/home/elijah/go2-convex-mpc/ros2_ws/install/mujoco_go2_robot/share/mujoco_go2_robot/package.zsh'
[1.093s] Level 1:colcon.colcon_core.environment:create_file_with_runtime_dependencies(/home/elijah/go2-convex-mpc/ros2_ws/install/mujoco_go2_robot/share/colcon-core/packages/mujoco_go2_robot)
[1.572s] DEBUG:colcon.colcon_core.event_handler.log_command:Invoked command in '/home/elijah/go2-convex-mpc/ros2_ws/build/unitree_api' returned '0': CMAKE_PREFIX_PATH=/opt/ros/humble /usr/bin/cmake /home/elijah/go2-convex-mpc/ros2_ws/src/unitree_ros2/cyclonedds_ws/src/unitree/unitree_api -DAMENT_CMAKE_SYMLINK_INSTALL=1 -DCMAKE_INSTALL_PREFIX=/home/elijah/go2-convex-mpc/ros2_ws/install/unitree_api
[1.574s] DEBUG:colcon.colcon_core.event_handler.log_command:Invoking command in '/home/elijah/go2-convex-mpc/ros2_ws/build/unitree_api': CMAKE_PREFIX_PATH=/opt/ros/humble /usr/bin/cmake --build /home/elijah/go2-convex-mpc/ros2_ws/build/unitree_api -- -j16 -l16
[1.578s] DEBUG:colcon.colcon_core.event_handler.log_command:Invoked command in '/home/elijah/go2-convex-mpc/ros2_ws/build/unitree_hg' returned '0': CMAKE_PREFIX_PATH=/opt/ros/humble /usr/bin/cmake /home/elijah/go2-convex-mpc/ros2_ws/src/unitree_ros2/cyclonedds_ws/src/unitree/unitree_hg -DAMENT_CMAKE_SYMLINK_INSTALL=1 -DCMAKE_INSTALL_PREFIX=/home/elijah/go2-convex-mpc/ros2_ws/install/unitree_hg
[1.580s] DEBUG:colcon.colcon_core.event_handler.log_command:Invoking command in '/home/elijah/go2-convex-mpc/ros2_ws/build/unitree_hg': CMAKE_PREFIX_PATH=/opt/ros/humble /usr/bin/cmake --build /home/elijah/go2-convex-mpc/ros2_ws/build/unitree_hg -- -j16 -l16
[1.726s] DEBUG:colcon.colcon_core.event_handler.log_command:Invoked command in '/home/elijah/go2-convex-mpc/ros2_ws/build/unitree_go' returned '0': CMAKE_PREFIX_PATH=/opt/ros/humble /usr/bin/cmake /home/elijah/go2-convex-mpc/ros2_ws/src/unitree_ros2/cyclonedds_ws/src/unitree/unitree_go -DAMENT_CMAKE_SYMLINK_INSTALL=1 -DCMAKE_INSTALL_PREFIX=/home/elijah/go2-convex-mpc/ros2_ws/install/unitree_go
[1.728s] DEBUG:colcon.colcon_core.event_handler.log_command:Invoking command in '/home/elijah/go2-convex-mpc/ros2_ws/build/unitree_go': CMAKE_PREFIX_PATH=/opt/ros/humble /usr/bin/cmake --build /home/elijah/go2-convex-mpc/ros2_ws/build/unitree_go -- -j16 -l16
[11.784s] DEBUG:colcon.colcon_core.event_handler.log_command:Invoked command in '/home/elijah/go2-convex-mpc/ros2_ws/build/unitree_api' returned '0': CMAKE_PREFIX_PATH=/opt/ros/humble /usr/bin/cmake --build /home/elijah/go2-convex-mpc/ros2_ws/build/unitree_api -- -j16 -l16
[11.815s] DEBUG:colcon.colcon_core.event_handler.log_command:Invoking command in '/home/elijah/go2-convex-mpc/ros2_ws/build/unitree_api': CMAKE_PREFIX_PATH=/opt/ros/humble /usr/bin/cmake --install /home/elijah/go2-convex-mpc/ros2_ws/build/unitree_api
[14.786s] DEBUG:colcon.colcon_core.event_handler.log_command:Invoked command in '/home/elijah/go2-convex-mpc/ros2_ws/build/unitree_hg' returned '0': CMAKE_PREFIX_PATH=/opt/ros/humble /usr/bin/cmake --build /home/elijah/go2-convex-mpc/ros2_ws/build/unitree_hg -- -j16 -l16
[14.788s] DEBUG:colcon.colcon_core.event_handler.log_command:Invoking command in '/home/elijah/go2-convex-mpc/ros2_ws/build/unitree_hg': CMAKE_PREFIX_PATH=/opt/ros/humble /usr/bin/cmake --install /home/elijah/go2-convex-mpc/ros2_ws/build/unitree_hg
[16.288s] Level 1:colcon.colcon_core.environment:create_environment_scripts_only(unitree_api)
[16.289s] Level 1:colcon.colcon_core.environment:checking '/home/elijah/go2-convex-mpc/ros2_ws/install/unitree_api' for CMake module files
[16.289s] DEBUG:colcon.colcon_core.event_handler.log_command:Invoked command in '/home/elijah/go2-convex-mpc/ros2_ws/build/unitree_api' returned '0': CMAKE_PREFIX_PATH=/opt/ros/humble /usr/bin/cmake --install /home/elijah/go2-convex-mpc/ros2_ws/build/unitree_api
[16.290s] Level 1:colcon.colcon_core.environment:checking '/home/elijah/go2-convex-mpc/ros2_ws/install/unitree_api' for CMake config files
[16.291s] Level 1:colcon.colcon_core.shell:create_environment_hook('unitree_api', 'cmake_prefix_path')
[16.291s] INFO:colcon.colcon_core.shell:Creating environment hook '/home/elijah/go2-convex-mpc/ros2_ws/install/unitree_api/share/unitree_api/hook/cmake_prefix_path.ps1'
[16.292s] INFO:colcon.colcon_core.shell:Creating environment descriptor '/home/elijah/go2-convex-mpc/ros2_ws/install/unitree_api/share/unitree_api/hook/cmake_prefix_path.dsv'
[16.292s] INFO:colcon.colcon_core.shell:Creating environment hook '/home/elijah/go2-convex-mpc/ros2_ws/install/unitree_api/share/unitree_api/hook/cmake_prefix_path.sh'
[16.292s] Level 1:colcon.colcon_core.environment:checking '/home/elijah/go2-convex-mpc/ros2_ws/install/unitree_api/lib'
[16.292s] Level 1:colcon.colcon_core.shell:create_environment_hook('unitree_api', 'ld_library_path_lib')
[16.292s] INFO:colcon.colcon_core.shell:Creating environment hook '/home/elijah/go2-convex-mpc/ros2_ws/install/unitree_api/share/unitree_api/hook/ld_library_path_lib.ps1'
[16.293s] INFO:colcon.colcon_core.shell:Creating environment descriptor '/home/elijah/go2-convex-mpc/ros2_ws/install/unitree_api/share/unitree_api/hook/ld_library_path_lib.dsv'
[16.293s] INFO:colcon.colcon_core.shell:Creating environment hook '/home/elijah/go2-convex-mpc/ros2_ws/install/unitree_api/share/unitree_api/hook/ld_library_path_lib.sh'
[16.293s] Level 1:colcon.colcon_core.environment:checking '/home/elijah/go2-convex-mpc/ros2_ws/install/unitree_api/bin'
[16.293s] Level 1:colcon.colcon_core.environment:checking '/home/elijah/go2-convex-mpc/ros2_ws/install/unitree_api/lib/pkgconfig/unitree_api.pc'
[16.293s] Level 1:colcon.colcon_core.environment:checking '/home/elijah/go2-convex-mpc/ros2_ws/install/unitree_api/lib/python3.10/site-packages'
[16.294s] Level 1:colcon.colcon_core.environment:checking '/home/elijah/go2-convex-mpc/ros2_ws/install/unitree_api/bin'
[16.294s] INFO:colcon.colcon_core.shell:Creating package script '/home/elijah/go2-convex-mpc/ros2_ws/install/unitree_api/share/unitree_api/package.ps1'
[16.294s] INFO:colcon.colcon_core.shell:Creating package descriptor '/home/elijah/go2-convex-mpc/ros2_ws/install/unitree_api/share/unitree_api/package.dsv'
[16.294s] INFO:colcon.colcon_core.shell:Creating package script '/home/elijah/go2-convex-mpc/ros2_ws/install/unitree_api/share/unitree_api/package.sh'
[16.295s] INFO:colcon.colcon_core.shell:Creating package script '/home/elijah/go2-convex-mpc/ros2_ws/install/unitree_api/share/unitree_api/package.bash'
[16.295s] INFO:colcon.colcon_core.shell:Creating package script '/home/elijah/go2-convex-mpc/ros2_ws/install/unitree_api/share/unitree_api/package.zsh'
[16.295s] Level 1:colcon.colcon_core.environment:create_file_with_runtime_dependencies(/home/elijah/go2-convex-mpc/ros2_ws/install/unitree_api/share/colcon-core/packages/unitree_api)
[16.296s] Level 1:colcon.colcon_core.environment:create_environment_scripts_only(unitree_api)
[16.296s] Level 1:colcon.colcon_core.environment:checking '/home/elijah/go2-convex-mpc/ros2_ws/install/unitree_api' for CMake module files
[16.297s] Level 1:colcon.colcon_core.environment:checking '/home/elijah/go2-convex-mpc/ros2_ws/install/unitree_api' for CMake config files
[16.298s] Level 1:colcon.colcon_core.shell:create_environment_hook('unitree_api', 'cmake_prefix_path')
[16.298s] INFO:colcon.colcon_core.shell:Creating environment hook '/home/elijah/go2-convex-mpc/ros2_ws/install/unitree_api/share/unitree_api/hook/cmake_prefix_path.ps1'
[16.298s] INFO:colcon.colcon_core.shell:Creating environment descriptor '/home/elijah/go2-convex-mpc/ros2_ws/install/unitree_api/share/unitree_api/hook/cmake_prefix_path.dsv'
[16.298s] INFO:colcon.colcon_core.shell:Creating environment hook '/home/elijah/go2-convex-mpc/ros2_ws/install/unitree_api/share/unitree_api/hook/cmake_prefix_path.sh'
[16.299s] Level 1:colcon.colcon_core.environment:checking '/home/elijah/go2-convex-mpc/ros2_ws/install/unitree_api/lib'
[16.299s] Level 1:colcon.colcon_core.shell:create_environment_hook('unitree_api', 'ld_library_path_lib')
[16.299s] INFO:colcon.colcon_core.shell:Creating environment hook '/home/elijah/go2-convex-mpc/ros2_ws/install/unitree_api/share/unitree_api/hook/ld_library_path_lib.ps1'
[16.299s] INFO:colcon.colcon_core.shell:Creating environment descriptor '/home/elijah/go2-convex-mpc/ros2_ws/install/unitree_api/share/unitree_api/hook/ld_library_path_lib.dsv'
[16.300s] INFO:colcon.colcon_core.shell:Creating environment hook '/home/elijah/go2-convex-mpc/ros2_ws/install/unitree_api/share/unitree_api/hook/ld_library_path_lib.sh'
[16.300s] Level 1:colcon.colcon_core.environment:checking '/home/elijah/go2-convex-mpc/ros2_ws/install/unitree_api/bin'
[16.300s] Level 1:colcon.colcon_core.environment:checking '/home/elijah/go2-convex-mpc/ros2_ws/install/unitree_api/lib/pkgconfig/unitree_api.pc'
[16.300s] Level 1:colcon.colcon_core.environment:checking '/home/elijah/go2-convex-mpc/ros2_ws/install/unitree_api/lib/python3.10/site-packages'
[16.300s] Level 1:colcon.colcon_core.environment:checking '/home/elijah/go2-convex-mpc/ros2_ws/install/unitree_api/bin'
[16.301s] INFO:colcon.colcon_core.shell:Creating package script '/home/elijah/go2-convex-mpc/ros2_ws/install/unitree_api/share/unitree_api/package.ps1'
[16.301s] INFO:colcon.colcon_core.shell:Creating package descriptor '/home/elijah/go2-convex-mpc/ros2_ws/install/unitree_api/share/unitree_api/package.dsv'
[16.301s] INFO:colcon.colcon_core.shell:Creating package script '/home/elijah/go2-convex-mpc/ros2_ws/install/unitree_api/share/unitree_api/package.sh'
[16.302s] INFO:colcon.colcon_core.shell:Creating package script '/home/elijah/go2-convex-mpc/ros2_ws/install/unitree_api/share/unitree_api/package.bash'
[16.302s] INFO:colcon.colcon_core.shell:Creating package script '/home/elijah/go2-convex-mpc/ros2_ws/install/unitree_api/share/unitree_api/package.zsh'
[16.302s] Level 1:colcon.colcon_core.environment:create_file_with_runtime_dependencies(/home/elijah/go2-convex-mpc/ros2_ws/install/unitree_api/share/colcon-core/packages/unitree_api)
[17.679s] Level 1:colcon.colcon_core.environment:create_environment_scripts_only(unitree_hg)
[17.679s] Level 1:colcon.colcon_core.environment:checking '/home/elijah/go2-convex-mpc/ros2_ws/install/unitree_hg' for CMake module files
[17.679s] DEBUG:colcon.colcon_core.event_handler.log_command:Invoked command in '/home/elijah/go2-convex-mpc/ros2_ws/build/unitree_hg' returned '0': CMAKE_PREFIX_PATH=/opt/ros/humble /usr/bin/cmake --install /home/elijah/go2-convex-mpc/ros2_ws/build/unitree_hg
[17.680s] Level 1:colcon.colcon_core.environment:checking '/home/elijah/go2-convex-mpc/ros2_ws/install/unitree_hg' for CMake config files
[17.682s] Level 1:colcon.colcon_core.shell:create_environment_hook('unitree_hg', 'cmake_prefix_path')
[17.682s] INFO:colcon.colcon_core.shell:Creating environment hook '/home/elijah/go2-convex-mpc/ros2_ws/install/unitree_hg/share/unitree_hg/hook/cmake_prefix_path.ps1'
[17.682s] INFO:colcon.colcon_core.shell:Creating environment descriptor '/home/elijah/go2-convex-mpc/ros2_ws/install/unitree_hg/share/unitree_hg/hook/cmake_prefix_path.dsv'
[17.683s] INFO:colcon.colcon_core.shell:Creating environment hook '/home/elijah/go2-convex-mpc/ros2_ws/install/unitree_hg/share/unitree_hg/hook/cmake_prefix_path.sh'
[17.683s] Level 1:colcon.colcon_core.environment:checking '/home/elijah/go2-convex-mpc/ros2_ws/install/unitree_hg/lib'
[17.683s] Level 1:colcon.colcon_core.shell:create_environment_hook('unitree_hg', 'ld_library_path_lib')
[17.683s] INFO:colcon.colcon_core.shell:Creating environment hook '/home/elijah/go2-convex-mpc/ros2_ws/install/unitree_hg/share/unitree_hg/hook/ld_library_path_lib.ps1'
[17.683s] INFO:colcon.colcon_core.shell:Creating environment descriptor '/home/elijah/go2-convex-mpc/ros2_ws/install/unitree_hg/share/unitree_hg/hook/ld_library_path_lib.dsv'
[17.684s] INFO:colcon.colcon_core.shell:Creating environment hook '/home/elijah/go2-convex-mpc/ros2_ws/install/unitree_hg/share/unitree_hg/hook/ld_library_path_lib.sh'
[17.684s] Level 1:colcon.colcon_core.environment:checking '/home/elijah/go2-convex-mpc/ros2_ws/install/unitree_hg/bin'
[17.684s] Level 1:colcon.colcon_core.environment:checking '/home/elijah/go2-convex-mpc/ros2_ws/install/unitree_hg/lib/pkgconfig/unitree_hg.pc'
[17.684s] Level 1:colcon.colcon_core.environment:checking '/home/elijah/go2-convex-mpc/ros2_ws/install/unitree_hg/lib/python3.10/site-packages'
[17.684s] Level 1:colcon.colcon_core.environment:checking '/home/elijah/go2-convex-mpc/ros2_ws/install/unitree_hg/bin'
[17.685s] INFO:colcon.colcon_core.shell:Creating package script '/home/elijah/go2-convex-mpc/ros2_ws/install/unitree_hg/share/unitree_hg/package.ps1'
[17.685s] INFO:colcon.colcon_core.shell:Creating package descriptor '/home/elijah/go2-convex-mpc/ros2_ws/install/unitree_hg/share/unitree_hg/package.dsv'
[17.685s] INFO:colcon.colcon_core.shell:Creating package script '/home/elijah/go2-convex-mpc/ros2_ws/install/unitree_hg/share/unitree_hg/package.sh'
[17.685s] INFO:colcon.colcon_core.shell:Creating package script '/home/elijah/go2-convex-mpc/ros2_ws/install/unitree_hg/share/unitree_hg/package.bash'
[17.686s] INFO:colcon.colcon_core.shell:Creating package script '/home/elijah/go2-convex-mpc/ros2_ws/install/unitree_hg/share/unitree_hg/package.zsh'
[17.686s] Level 1:colcon.colcon_core.environment:create_file_with_runtime_dependencies(/home/elijah/go2-convex-mpc/ros2_ws/install/unitree_hg/share/colcon-core/packages/unitree_hg)
[17.686s] Level 1:colcon.colcon_core.environment:create_environment_scripts_only(unitree_hg)
[17.687s] Level 1:colcon.colcon_core.environment:checking '/home/elijah/go2-convex-mpc/ros2_ws/install/unitree_hg' for CMake module files
[17.687s] Level 1:colcon.colcon_core.environment:checking '/home/elijah/go2-convex-mpc/ros2_ws/install/unitree_hg' for CMake config files
[17.688s] Level 1:colcon.colcon_core.shell:create_environment_hook('unitree_hg', 'cmake_prefix_path')
[17.688s] INFO:colcon.colcon_core.shell:Creating environment hook '/home/elijah/go2-convex-mpc/ros2_ws/install/unitree_hg/share/unitree_hg/hook/cmake_prefix_path.ps1'
[17.689s] INFO:colcon.colcon_core.shell:Creating environment descriptor '/home/elijah/go2-convex-mpc/ros2_ws/install/unitree_hg/share/unitree_hg/hook/cmake_prefix_path.dsv'
[17.689s] INFO:colcon.colcon_core.shell:Creating environment hook '/home/elijah/go2-convex-mpc/ros2_ws/install/unitree_hg/share/unitree_hg/hook/cmake_prefix_path.sh'
[17.689s] Level 1:colcon.colcon_core.environment:checking '/home/elijah/go2-convex-mpc/ros2_ws/install/unitree_hg/lib'
[17.689s] Level 1:colcon.colcon_core.shell:create_environment_hook('unitree_hg', 'ld_library_path_lib')
[17.690s] INFO:colcon.colcon_core.shell:Creating environment hook '/home/elijah/go2-convex-mpc/ros2_ws/install/unitree_hg/share/unitree_hg/hook/ld_library_path_lib.ps1'
[17.690s] INFO:colcon.colcon_core.shell:Creating environment descriptor '/home/elijah/go2-convex-mpc/ros2_ws/install/unitree_hg/share/unitree_hg/hook/ld_library_path_lib.dsv'
[17.690s] INFO:colcon.colcon_core.shell:Creating environment hook '/home/elijah/go2-convex-mpc/ros2_ws/install/unitree_hg/share/unitree_hg/hook/ld_library_path_lib.sh'
[17.691s] Level 1:colcon.colcon_core.environment:checking '/home/elijah/go2-convex-mpc/ros2_ws/install/unitree_hg/bin'
[17.691s] Level 1:colcon.colcon_core.environment:checking '/home/elijah/go2-convex-mpc/ros2_ws/install/unitree_hg/lib/pkgconfig/unitree_hg.pc'
[17.691s] Level 1:colcon.colcon_core.environment:checking '/home/elijah/go2-convex-mpc/ros2_ws/install/unitree_hg/lib/python3.10/site-packages'
[17.691s] Level 1:colcon.colcon_core.environment:checking '/home/elijah/go2-convex-mpc/ros2_ws/install/unitree_hg/bin'
[17.691s] INFO:colcon.colcon_core.shell:Creating package script '/home/elijah/go2-convex-mpc/ros2_ws/install/unitree_hg/share/unitree_hg/package.ps1'
[17.692s] INFO:colcon.colcon_core.shell:Creating package descriptor '/home/elijah/go2-convex-mpc/ros2_ws/install/unitree_hg/share/unitree_hg/package.dsv'
[17.692s] INFO:colcon.colcon_core.shell:Creating package script '/home/elijah/go2-convex-mpc/ros2_ws/install/unitree_hg/share/unitree_hg/package.sh'
[17.692s] INFO:colcon.colcon_core.shell:Creating package script '/home/elijah/go2-convex-mpc/ros2_ws/install/unitree_hg/share/unitree_hg/package.bash'
[17.692s] INFO:colcon.colcon_core.shell:Creating package script '/home/elijah/go2-convex-mpc/ros2_ws/install/unitree_hg/share/unitree_hg/package.zsh'
[17.693s] Level 1:colcon.colcon_core.environment:create_file_with_runtime_dependencies(/home/elijah/go2-convex-mpc/ros2_ws/install/unitree_hg/share/colcon-core/packages/unitree_hg)
[19.062s] DEBUG:colcon.colcon_core.event_handler.log_command:Invoked command in '/home/elijah/go2-convex-mpc/ros2_ws/build/unitree_go' returned '0': CMAKE_PREFIX_PATH=/opt/ros/humble /usr/bin/cmake --build /home/elijah/go2-convex-mpc/ros2_ws/build/unitree_go -- -j16 -l16
[19.063s] DEBUG:colcon.colcon_core.event_handler.log_command:Invoking command in '/home/elijah/go2-convex-mpc/ros2_ws/build/unitree_go': CMAKE_PREFIX_PATH=/opt/ros/humble /usr/bin/cmake --install /home/elijah/go2-convex-mpc/ros2_ws/build/unitree_go
[22.881s] Level 1:colcon.colcon_core.environment:create_environment_scripts_only(unitree_go)
[22.881s] Level 1:colcon.colcon_core.environment:checking '/home/elijah/go2-convex-mpc/ros2_ws/install/unitree_go' for CMake module files
[22.882s] DEBUG:colcon.colcon_core.event_handler.log_command:Invoked command in '/home/elijah/go2-convex-mpc/ros2_ws/build/unitree_go' returned '0': CMAKE_PREFIX_PATH=/opt/ros/humble /usr/bin/cmake --install /home/elijah/go2-convex-mpc/ros2_ws/build/unitree_go
[22.882s] Level 1:colcon.colcon_core.environment:checking '/home/elijah/go2-convex-mpc/ros2_ws/install/unitree_go' for CMake config files
[22.885s] Level 1:colcon.colcon_core.shell:create_environment_hook('unitree_go', 'cmake_prefix_path')
[22.885s] INFO:colcon.colcon_core.shell:Creating environment hook '/home/elijah/go2-convex-mpc/ros2_ws/install/unitree_go/share/unitree_go/hook/cmake_prefix_path.ps1'
[22.886s] INFO:colcon.colcon_core.shell:Creating environment descriptor '/home/elijah/go2-convex-mpc/ros2_ws/install/unitree_go/share/unitree_go/hook/cmake_prefix_path.dsv'
[22.886s] INFO:colcon.colcon_core.shell:Creating environment hook '/home/elijah/go2-convex-mpc/ros2_ws/install/unitree_go/share/unitree_go/hook/cmake_prefix_path.sh'
[22.886s] Level 1:colcon.colcon_core.environment:checking '/home/elijah/go2-convex-mpc/ros2_ws/install/unitree_go/lib'
[22.886s] Level 1:colcon.colcon_core.shell:create_environment_hook('unitree_go', 'ld_library_path_lib')
[22.886s] INFO:colcon.colcon_core.shell:Creating environment hook '/home/elijah/go2-convex-mpc/ros2_ws/install/unitree_go/share/unitree_go/hook/ld_library_path_lib.ps1'
[22.887s] INFO:colcon.colcon_core.shell:Creating environment descriptor '/home/elijah/go2-convex-mpc/ros2_ws/install/unitree_go/share/unitree_go/hook/ld_library_path_lib.dsv'
[22.887s] INFO:colcon.colcon_core.shell:Creating environment hook '/home/elijah/go2-convex-mpc/ros2_ws/install/unitree_go/share/unitree_go/hook/ld_library_path_lib.sh'
[22.887s] Level 1:colcon.colcon_core.environment:checking '/home/elijah/go2-convex-mpc/ros2_ws/install/unitree_go/bin'
[22.887s] Level 1:colcon.colcon_core.environment:checking '/home/elijah/go2-convex-mpc/ros2_ws/install/unitree_go/lib/pkgconfig/unitree_go.pc'
[22.887s] Level 1:colcon.colcon_core.environment:checking '/home/elijah/go2-convex-mpc/ros2_ws/install/unitree_go/lib/python3.10/site-packages'
[22.888s] Level 1:colcon.colcon_core.environment:checking '/home/elijah/go2-convex-mpc/ros2_ws/install/unitree_go/bin'
[22.888s] INFO:colcon.colcon_core.shell:Creating package script '/home/elijah/go2-convex-mpc/ros2_ws/install/unitree_go/share/unitree_go/package.ps1'
[22.888s] INFO:colcon.colcon_core.shell:Creating package descriptor '/home/elijah/go2-convex-mpc/ros2_ws/install/unitree_go/share/unitree_go/package.dsv'
[22.889s] INFO:colcon.colcon_core.shell:Creating package script '/home/elijah/go2-convex-mpc/ros2_ws/install/unitree_go/share/unitree_go/package.sh'
[22.889s] INFO:colcon.colcon_core.shell:Creating package script '/home/elijah/go2-convex-mpc/ros2_ws/install/unitree_go/share/unitree_go/package.bash'
[22.889s] INFO:colcon.colcon_core.shell:Creating package script '/home/elijah/go2-convex-mpc/ros2_ws/install/unitree_go/share/unitree_go/package.zsh'
[22.889s] Level 1:colcon.colcon_core.environment:create_file_with_runtime_dependencies(/home/elijah/go2-convex-mpc/ros2_ws/install/unitree_go/share/colcon-core/packages/unitree_go)
[22.890s] Level 1:colcon.colcon_core.environment:create_environment_scripts_only(unitree_go)
[22.890s] Level 1:colcon.colcon_core.environment:checking '/home/elijah/go2-convex-mpc/ros2_ws/install/unitree_go' for CMake module files
[22.890s] Level 1:colcon.colcon_core.environment:checking '/home/elijah/go2-convex-mpc/ros2_ws/install/unitree_go' for CMake config files
[22.893s] Level 1:colcon.colcon_core.shell:create_environment_hook('unitree_go', 'cmake_prefix_path')
[22.893s] INFO:colcon.colcon_core.shell:Creating environment hook '/home/elijah/go2-convex-mpc/ros2_ws/install/unitree_go/share/unitree_go/hook/cmake_prefix_path.ps1'
[22.893s] INFO:colcon.colcon_core.shell:Creating environment descriptor '/home/elijah/go2-convex-mpc/ros2_ws/install/unitree_go/share/unitree_go/hook/cmake_prefix_path.dsv'
[22.893s] INFO:colcon.colcon_core.shell:Creating environment hook '/home/elijah/go2-convex-mpc/ros2_ws/install/unitree_go/share/unitree_go/hook/cmake_prefix_path.sh'
[22.894s] Level 1:colcon.colcon_core.environment:checking '/home/elijah/go2-convex-mpc/ros2_ws/install/unitree_go/lib'
[22.894s] Level 1:colcon.colcon_core.shell:create_environment_hook('unitree_go', 'ld_library_path_lib')
[22.894s] INFO:colcon.colcon_core.shell:Creating environment hook '/home/elijah/go2-convex-mpc/ros2_ws/install/unitree_go/share/unitree_go/hook/ld_library_path_lib.ps1'
[22.894s] INFO:colcon.colcon_core.shell:Creating environment descriptor '/home/elijah/go2-convex-mpc/ros2_ws/install/unitree_go/share/unitree_go/hook/ld_library_path_lib.dsv'
[22.894s] INFO:colcon.colcon_core.shell:Creating environment hook '/home/elijah/go2-convex-mpc/ros2_ws/install/unitree_go/share/unitree_go/hook/ld_library_path_lib.sh'
[22.895s] Level 1:colcon.colcon_core.environment:checking '/home/elijah/go2-convex-mpc/ros2_ws/install/unitree_go/bin'
[22.895s] Level 1:colcon.colcon_core.environment:checking '/home/elijah/go2-convex-mpc/ros2_ws/install/unitree_go/lib/pkgconfig/unitree_go.pc'
[22.895s] Level 1:colcon.colcon_core.environment:checking '/home/elijah/go2-convex-mpc/ros2_ws/install/unitree_go/lib/python3.10/site-packages'
[22.895s] Level 1:colcon.colcon_core.environment:checking '/home/elijah/go2-convex-mpc/ros2_ws/install/unitree_go/bin'
[22.895s] INFO:colcon.colcon_core.shell:Creating package script '/home/elijah/go2-convex-mpc/ros2_ws/install/unitree_go/share/unitree_go/package.ps1'
[22.896s] INFO:colcon.colcon_core.shell:Creating package descriptor '/home/elijah/go2-convex-mpc/ros2_ws/install/unitree_go/share/unitree_go/package.dsv'
[22.896s] INFO:colcon.colcon_core.shell:Creating package script '/home/elijah/go2-convex-mpc/ros2_ws/install/unitree_go/share/unitree_go/package.sh'
[22.896s] INFO:colcon.colcon_core.shell:Creating package script '/home/elijah/go2-convex-mpc/ros2_ws/install/unitree_go/share/unitree_go/package.bash'
[22.896s] INFO:colcon.colcon_core.shell:Creating package script '/home/elijah/go2-convex-mpc/ros2_ws/install/unitree_go/share/unitree_go/package.zsh'
[22.897s] Level 1:colcon.colcon_core.environment:create_file_with_runtime_dependencies(/home/elijah/go2-convex-mpc/ros2_ws/install/unitree_go/share/colcon-core/packages/unitree_go)
[22.897s] INFO:colcon.colcon_ros.task.ament_cmake.build:Building ROS package in '/home/elijah/go2-convex-mpc/ros2_ws/src/unitree_ros2/example/src' with build type 'ament_cmake'
[22.897s] INFO:colcon.colcon_cmake.task.cmake.build:Building CMake package in '/home/elijah/go2-convex-mpc/ros2_ws/src/unitree_ros2/example/src'
[22.897s] INFO:colcon.colcon_core.shell:Skip shell extension 'powershell' for command environment: Not usable outside of PowerShell
[22.897s] DEBUG:colcon.colcon_core.shell:Skip shell extension 'dsv' for command environment
[22.908s] DEBUG:colcon.colcon_core.event_handler.log_command:Invoking command in '/home/elijah/go2-convex-mpc/ros2_ws/build/unitree_ros2_example': AMENT_PREFIX_PATH=/home/elijah/go2-convex-mpc/ros2_ws/install/unitree_hg:/home/elijah/go2-convex-mpc/ros2_ws/install/unitree_go:/home/elijah/go2-convex-mpc/ros2_ws/install/unitree_api:${AMENT_PREFIX_PATH} CMAKE_PREFIX_PATH=/home/elijah/go2-convex-mpc/ros2_ws/install/unitree_hg:/home/elijah/go2-convex-mpc/ros2_ws/install/unitree_go:/home/elijah/go2-convex-mpc/ros2_ws/install/unitree_api:/opt/ros/humble LD_LIBRARY_PATH=/home/elijah/go2-convex-mpc/ros2_ws/install/unitree_hg/lib:/home/elijah/go2-convex-mpc/ros2_ws/install/unitree_go/lib:/home/elijah/go2-convex-mpc/ros2_ws/install/unitree_api/lib:/opt/ros/humble/opt/rviz_ogre_vendor/lib:/opt/ros/humble/lib/x86_64-linux-gnu:/opt/ros/humble/lib:/home/elijah/convex-mpc-unitree-go2/third_party/acados/lib PYTHONPATH=/home/elijah/go2-convex-mpc/ros2_ws/install/unitree_hg/local/lib/python3.10/dist-packages:/home/elijah/go2-convex-mpc/ros2_ws/install/unitree_go/local/lib/python3.10/dist-packages:/home/elijah/go2-convex-mpc/ros2_ws/install/unitree_api/local/lib/python3.10/dist-packages:${PYTHONPATH} /usr/bin/cmake /home/elijah/go2-convex-mpc/ros2_ws/src/unitree_ros2/example/src -DAMENT_CMAKE_SYMLINK_INSTALL=1 -DCMAKE_INSTALL_PREFIX=/home/elijah/go2-convex-mpc/ros2_ws/install/unitree_ros2_example
[24.120s] DEBUG:colcon.colcon_core.event_handler.log_command:Invoked command in '/home/elijah/go2-convex-mpc/ros2_ws/build/unitree_ros2_example' returned '0': AMENT_PREFIX_PATH=/home/elijah/go2-convex-mpc/ros2_ws/install/unitree_hg:/home/elijah/go2-convex-mpc/ros2_ws/install/unitree_go:/home/elijah/go2-convex-mpc/ros2_ws/install/unitree_api:${AMENT_PREFIX_PATH} CMAKE_PREFIX_PATH=/home/elijah/go2-convex-mpc/ros2_ws/install/unitree_hg:/home/elijah/go2-convex-mpc/ros2_ws/install/unitree_go:/home/elijah/go2-convex-mpc/ros2_ws/install/unitree_api:/opt/ros/humble LD_LIBRARY_PATH=/home/elijah/go2-convex-mpc/ros2_ws/install/unitree_hg/lib:/home/elijah/go2-convex-mpc/ros2_ws/install/unitree_go/lib:/home/elijah/go2-convex-mpc/ros2_ws/install/unitree_api/lib:/opt/ros/humble/opt/rviz_ogre_vendor/lib:/opt/ros/humble/lib/x86_64-linux-gnu:/opt/ros/humble/lib:/home/elijah/convex-mpc-unitree-go2/third_party/acados/lib PYTHONPATH=/home/elijah/go2-convex-mpc/ros2_ws/install/unitree_hg/local/lib/python3.10/dist-packages:/home/elijah/go2-convex-mpc/ros2_ws/install/unitree_go/local/lib/python3.10/dist-packages:/home/elijah/go2-convex-mpc/ros2_ws/install/unitree_api/local/lib/python3.10/dist-packages:${PYTHONPATH} /usr/bin/cmake /home/elijah/go2-convex-mpc/ros2_ws/src/unitree_ros2/example/src -DAMENT_CMAKE_SYMLINK_INSTALL=1 -DCMAKE_INSTALL_PREFIX=/home/elijah/go2-convex-mpc/ros2_ws/install/unitree_ros2_example
[24.121s] DEBUG:colcon.colcon_core.event_handler.log_command:Invoking command in '/home/elijah/go2-convex-mpc/ros2_ws/build/unitree_ros2_example': AMENT_PREFIX_PATH=/home/elijah/go2-convex-mpc/ros2_ws/install/unitree_hg:/home/elijah/go2-convex-mpc/ros2_ws/install/unitree_go:/home/elijah/go2-convex-mpc/ros2_ws/install/unitree_api:${AMENT_PREFIX_PATH} CMAKE_PREFIX_PATH=/home/elijah/go2-convex-mpc/ros2_ws/install/unitree_hg:/home/elijah/go2-convex-mpc/ros2_ws/install/unitree_go:/home/elijah/go2-convex-mpc/ros2_ws/install/unitree_api:/opt/ros/humble LD_LIBRARY_PATH=/home/elijah/go2-convex-mpc/ros2_ws/install/unitree_hg/lib:/home/elijah/go2-convex-mpc/ros2_ws/install/unitree_go/lib:/home/elijah/go2-convex-mpc/ros2_ws/install/unitree_api/lib:/opt/ros/humble/opt/rviz_ogre_vendor/lib:/opt/ros/humble/lib/x86_64-linux-gnu:/opt/ros/humble/lib:/home/elijah/convex-mpc-unitree-go2/third_party/acados/lib PYTHONPATH=/home/elijah/go2-convex-mpc/ros2_ws/install/unitree_hg/local/lib/python3.10/dist-packages:/home/elijah/go2-convex-mpc/ros2_ws/install/unitree_go/local/lib/python3.10/dist-packages:/home/elijah/go2-convex-mpc/ros2_ws/install/unitree_api/local/lib/python3.10/dist-packages:${PYTHONPATH} /usr/bin/cmake --build /home/elijah/go2-convex-mpc/ros2_ws/build/unitree_ros2_example -- -j16 -l16
[61.508s] DEBUG:colcon.colcon_core.event_handler.log_command:Invoked command in '/home/elijah/go2-convex-mpc/ros2_ws/build/unitree_ros2_example' returned '0': AMENT_PREFIX_PATH=/home/elijah/go2-convex-mpc/ros2_ws/install/unitree_hg:/home/elijah/go2-convex-mpc/ros2_ws/install/unitree_go:/home/elijah/go2-convex-mpc/ros2_ws/install/unitree_api:${AMENT_PREFIX_PATH} CMAKE_PREFIX_PATH=/home/elijah/go2-convex-mpc/ros2_ws/install/unitree_hg:/home/elijah/go2-convex-mpc/ros2_ws/install/unitree_go:/home/elijah/go2-convex-mpc/ros2_ws/install/unitree_api:/opt/ros/humble LD_LIBRARY_PATH=/home/elijah/go2-convex-mpc/ros2_ws/install/unitree_hg/lib:/home/elijah/go2-convex-mpc/ros2_ws/install/unitree_go/lib:/home/elijah/go2-convex-mpc/ros2_ws/install/unitree_api/lib:/opt/ros/humble/opt/rviz_ogre_vendor/lib:/opt/ros/humble/lib/x86_64-linux-gnu:/opt/ros/humble/lib:/home/elijah/convex-mpc-unitree-go2/third_party/acados/lib PYTHONPATH=/home/elijah/go2-convex-mpc/ros2_ws/install/unitree_hg/local/lib/python3.10/dist-packages:/home/elijah/go2-convex-mpc/ros2_ws/install/unitree_go/local/lib/python3.10/dist-packages:/home/elijah/go2-convex-mpc/ros2_ws/install/unitree_api/local/lib/python3.10/dist-packages:${PYTHONPATH} /usr/bin/cmake --build /home/elijah/go2-convex-mpc/ros2_ws/build/unitree_ros2_example -- -j16 -l16
[61.511s] DEBUG:colcon.colcon_core.event_handler.log_command:Invoking command in '/home/elijah/go2-convex-mpc/ros2_ws/build/unitree_ros2_example': AMENT_PREFIX_PATH=/home/elijah/go2-convex-mpc/ros2_ws/install/unitree_hg:/home/elijah/go2-convex-mpc/ros2_ws/install/unitree_go:/home/elijah/go2-convex-mpc/ros2_ws/install/unitree_api:${AMENT_PREFIX_PATH} CMAKE_PREFIX_PATH=/home/elijah/go2-convex-mpc/ros2_ws/install/unitree_hg:/home/elijah/go2-convex-mpc/ros2_ws/install/unitree_go:/home/elijah/go2-convex-mpc/ros2_ws/install/unitree_api:/opt/ros/humble LD_LIBRARY_PATH=/home/elijah/go2-convex-mpc/ros2_ws/install/unitree_hg/lib:/home/elijah/go2-convex-mpc/ros2_ws/install/unitree_go/lib:/home/elijah/go2-convex-mpc/ros2_ws/install/unitree_api/lib:/opt/ros/humble/opt/rviz_ogre_vendor/lib:/opt/ros/humble/lib/x86_64-linux-gnu:/opt/ros/humble/lib:/home/elijah/convex-mpc-unitree-go2/third_party/acados/lib PYTHONPATH=/home/elijah/go2-convex-mpc/ros2_ws/install/unitree_hg/local/lib/python3.10/dist-packages:/home/elijah/go2-convex-mpc/ros2_ws/install/unitree_go/local/lib/python3.10/dist-packages:/home/elijah/go2-convex-mpc/ros2_ws/install/unitree_api/local/lib/python3.10/dist-packages:${PYTHONPATH} /usr/bin/cmake --install /home/elijah/go2-convex-mpc/ros2_ws/build/unitree_ros2_example
[61.768s] Level 1:colcon.colcon_core.environment:create_environment_scripts_only(unitree_ros2_example)
[61.768s] Level 1:colcon.colcon_core.environment:checking '/home/elijah/go2-convex-mpc/ros2_ws/install/unitree_ros2_example' for CMake module files
[61.769s] DEBUG:colcon.colcon_core.event_handler.log_command:Invoked command in '/home/elijah/go2-convex-mpc/ros2_ws/build/unitree_ros2_example' returned '0': AMENT_PREFIX_PATH=/home/elijah/go2-convex-mpc/ros2_ws/install/unitree_hg:/home/elijah/go2-convex-mpc/ros2_ws/install/unitree_go:/home/elijah/go2-convex-mpc/ros2_ws/install/unitree_api:${AMENT_PREFIX_PATH} CMAKE_PREFIX_PATH=/home/elijah/go2-convex-mpc/ros2_ws/install/unitree_hg:/home/elijah/go2-convex-mpc/ros2_ws/install/unitree_go:/home/elijah/go2-convex-mpc/ros2_ws/install/unitree_api:/opt/ros/humble LD_LIBRARY_PATH=/home/elijah/go2-convex-mpc/ros2_ws/install/unitree_hg/lib:/home/elijah/go2-convex-mpc/ros2_ws/install/unitree_go/lib:/home/elijah/go2-convex-mpc/ros2_ws/install/unitree_api/lib:/opt/ros/humble/opt/rviz_ogre_vendor/lib:/opt/ros/humble/lib/x86_64-linux-gnu:/opt/ros/humble/lib:/home/elijah/convex-mpc-unitree-go2/third_party/acados/lib PYTHONPATH=/home/elijah/go2-convex-mpc/ros2_ws/install/unitree_hg/local/lib/python3.10/dist-packages:/home/elijah/go2-convex-mpc/ros2_ws/install/unitree_go/local/lib/python3.10/dist-packages:/home/elijah/go2-convex-mpc/ros2_ws/install/unitree_api/local/lib/python3.10/dist-packages:${PYTHONPATH} /usr/bin/cmake --install /home/elijah/go2-convex-mpc/ros2_ws/build/unitree_ros2_example
[61.769s] Level 1:colcon.colcon_core.environment:checking '/home/elijah/go2-convex-mpc/ros2_ws/install/unitree_ros2_example' for CMake config files
[61.770s] Level 1:colcon.colcon_core.shell:create_environment_hook('unitree_ros2_example', 'cmake_prefix_path')
[61.770s] INFO:colcon.colcon_core.shell:Creating environment hook '/home/elijah/go2-convex-mpc/ros2_ws/install/unitree_ros2_example/share/unitree_ros2_example/hook/cmake_prefix_path.ps1'
[61.771s] INFO:colcon.colcon_core.shell:Creating environment descriptor '/home/elijah/go2-convex-mpc/ros2_ws/install/unitree_ros2_example/share/unitree_ros2_example/hook/cmake_prefix_path.dsv'
[61.772s] INFO:colcon.colcon_core.shell:Creating environment hook '/home/elijah/go2-convex-mpc/ros2_ws/install/unitree_ros2_example/share/unitree_ros2_example/hook/cmake_prefix_path.sh'
[61.773s] Level 1:colcon.colcon_core.environment:checking '/home/elijah/go2-convex-mpc/ros2_ws/install/unitree_ros2_example/bin'
[61.773s] Level 1:colcon.colcon_core.environment:checking '/home/elijah/go2-convex-mpc/ros2_ws/install/unitree_ros2_example/lib/pkgconfig/unitree_ros2_example.pc'
[61.773s] Level 1:colcon.colcon_core.environment:checking '/home/elijah/go2-convex-mpc/ros2_ws/install/unitree_ros2_example/lib/python3.10/site-packages'
[61.774s] Level 1:colcon.colcon_core.environment:checking '/home/elijah/go2-convex-mpc/ros2_ws/install/unitree_ros2_example/bin'
[61.774s] INFO:colcon.colcon_core.shell:Creating package script '/home/elijah/go2-convex-mpc/ros2_ws/install/unitree_ros2_example/share/unitree_ros2_example/package.ps1'
[61.774s] INFO:colcon.colcon_core.shell:Creating package descriptor '/home/elijah/go2-convex-mpc/ros2_ws/install/unitree_ros2_example/share/unitree_ros2_example/package.dsv'
[61.775s] INFO:colcon.colcon_core.shell:Creating package script '/home/elijah/go2-convex-mpc/ros2_ws/install/unitree_ros2_example/share/unitree_ros2_example/package.sh'
[61.775s] INFO:colcon.colcon_core.shell:Creating package script '/home/elijah/go2-convex-mpc/ros2_ws/install/unitree_ros2_example/share/unitree_ros2_example/package.bash'
[61.776s] INFO:colcon.colcon_core.shell:Creating package script '/home/elijah/go2-convex-mpc/ros2_ws/install/unitree_ros2_example/share/unitree_ros2_example/package.zsh'
[61.776s] Level 1:colcon.colcon_core.environment:create_file_with_runtime_dependencies(/home/elijah/go2-convex-mpc/ros2_ws/install/unitree_ros2_example/share/colcon-core/packages/unitree_ros2_example)
[61.777s] Level 1:colcon.colcon_core.environment:create_environment_scripts_only(unitree_ros2_example)
[61.777s] Level 1:colcon.colcon_core.environment:checking '/home/elijah/go2-convex-mpc/ros2_ws/install/unitree_ros2_example' for CMake module files
[61.778s] Level 1:colcon.colcon_core.environment:checking '/home/elijah/go2-convex-mpc/ros2_ws/install/unitree_ros2_example' for CMake config files
[61.778s] Level 1:colcon.colcon_core.shell:create_environment_hook('unitree_ros2_example', 'cmake_prefix_path')
[61.778s] INFO:colcon.colcon_core.shell:Creating environment hook '/home/elijah/go2-convex-mpc/ros2_ws/install/unitree_ros2_example/share/unitree_ros2_example/hook/cmake_prefix_path.ps1'
[61.778s] INFO:colcon.colcon_core.shell:Creating environment descriptor '/home/elijah/go2-convex-mpc/ros2_ws/install/unitree_ros2_example/share/unitree_ros2_example/hook/cmake_prefix_path.dsv'
[61.779s] INFO:colcon.colcon_core.shell:Creating environment hook '/home/elijah/go2-convex-mpc/ros2_ws/install/unitree_ros2_example/share/unitree_ros2_example/hook/cmake_prefix_path.sh'
[61.779s] Level 1:colcon.colcon_core.environment:checking '/home/elijah/go2-convex-mpc/ros2_ws/install/unitree_ros2_example/bin'
[61.779s] Level 1:colcon.colcon_core.environment:checking '/home/elijah/go2-convex-mpc/ros2_ws/install/unitree_ros2_example/lib/pkgconfig/unitree_ros2_example.pc'
[61.779s] Level 1:colcon.colcon_core.environment:checking '/home/elijah/go2-convex-mpc/ros2_ws/install/unitree_ros2_example/lib/python3.10/site-packages'
[61.779s] Level 1:colcon.colcon_core.environment:checking '/home/elijah/go2-convex-mpc/ros2_ws/install/unitree_ros2_example/bin'
[61.779s] INFO:colcon.colcon_core.shell:Creating package script '/home/elijah/go2-convex-mpc/ros2_ws/install/unitree_ros2_example/share/unitree_ros2_example/package.ps1'
[61.780s] INFO:colcon.colcon_core.shell:Creating package descriptor '/home/elijah/go2-convex-mpc/ros2_ws/install/unitree_ros2_example/share/unitree_ros2_example/package.dsv'
[61.780s] INFO:colcon.colcon_core.shell:Creating package script '/home/elijah/go2-convex-mpc/ros2_ws/install/unitree_ros2_example/share/unitree_ros2_example/package.sh'
[61.780s] INFO:colcon.colcon_core.shell:Creating package script '/home/elijah/go2-convex-mpc/ros2_ws/install/unitree_ros2_example/share/unitree_ros2_example/package.bash'
[61.781s] INFO:colcon.colcon_core.shell:Creating package script '/home/elijah/go2-convex-mpc/ros2_ws/install/unitree_ros2_example/share/unitree_ros2_example/package.zsh'
[61.781s] Level 1:colcon.colcon_core.environment:create_file_with_runtime_dependencies(/home/elijah/go2-convex-mpc/ros2_ws/install/unitree_ros2_example/share/colcon-core/packages/unitree_ros2_example)
[61.781s] DEBUG:colcon.colcon_parallel_executor.executor.parallel:closing loop
[61.781s] DEBUG:colcon.colcon_parallel_executor.executor.parallel:loop closed
[61.781s] DEBUG:colcon.colcon_parallel_executor.executor.parallel:run_until_complete finished with '0'
[61.781s] DEBUG:colcon.colcon_core.event_reactor:joining thread
[61.791s] INFO:colcon.colcon_core.plugin_system:Skipping extension 'colcon_notification.desktop_notification.terminal_notifier': Not used on non-Darwin systems
[61.791s] INFO:colcon.colcon_core.plugin_system:Skipping extension 'colcon_notification.desktop_notification.win32': Not used on non-Windows systems
[61.791s] INFO:colcon.colcon_notification.desktop_notification:Sending desktop notification using 'notify2'
[61.814s] DEBUG:colcon.colcon_core.event_reactor:joined thread
[61.814s] INFO:colcon.colcon_core.shell:Creating prefix script '/home/elijah/go2-convex-mpc/ros2_ws/install/local_setup.ps1'
[61.815s] INFO:colcon.colcon_core.shell:Creating prefix util module '/home/elijah/go2-convex-mpc/ros2_ws/install/_local_setup_util_ps1.py'
[61.816s] INFO:colcon.colcon_core.shell:Creating prefix chain script '/home/elijah/go2-convex-mpc/ros2_ws/install/setup.ps1'
[61.817s] INFO:colcon.colcon_core.shell:Creating prefix script '/home/elijah/go2-convex-mpc/ros2_ws/install/local_setup.sh'
[61.817s] INFO:colcon.colcon_core.shell:Creating prefix util module '/home/elijah/go2-convex-mpc/ros2_ws/install/_local_setup_util_sh.py'
[61.818s] INFO:colcon.colcon_core.shell:Creating prefix chain script '/home/elijah/go2-convex-mpc/ros2_ws/install/setup.sh'
[61.819s] INFO:colcon.colcon_core.shell:Creating prefix script '/home/elijah/go2-convex-mpc/ros2_ws/install/local_setup.bash'
[61.819s] INFO:colcon.colcon_core.shell:Creating prefix chain script '/home/elijah/go2-convex-mpc/ros2_ws/install/setup.bash'
[61.820s] INFO:colcon.colcon_core.shell:Creating prefix script '/home/elijah/go2-convex-mpc/ros2_ws/install/local_setup.zsh'
[61.820s] INFO:colcon.colcon_core.shell:Creating prefix chain script '/home/elijah/go2-convex-mpc/ros2_ws/install/setup.zsh'
